--------------------------------------------------------------------------------
Release 14.7 Trace  (nt64)
Copyright (c) 1995-2013 Xilinx, Inc.  All rights reserved.

C:\Xilinx\14.7\ISE_DS\ISE\bin\nt64\unwrapped\trce.exe -intstyle ise -v 3 -s 3
-n 3 -fastpaths -xml AdderSubtractor32x32.twx AdderSubtractor32x32.ncd -o
AdderSubtractor32x32.twr AdderSubtractor32x32.pcf

Design file:              AdderSubtractor32x32.ncd
Physical constraint file: AdderSubtractor32x32.pcf
Device,package,speed:     xc7z010,clg400,C,-3 (PRELIMINARY 1.08 2013-10-13)
Report level:             verbose report

Environment Variable      Effect 
--------------------      ------ 
NONE                      No environment variables were set
--------------------------------------------------------------------------------

INFO:Timing:2698 - No timing constraints found, doing default enumeration.
INFO:Timing:3412 - To improve timing, see the Timing Closure User Guide (UG612).
INFO:Timing:2752 - To get complete path coverage, use the unconstrained paths 
   option. All paths that are not constrained will be reported in the 
   unconstrained paths section(s) of the report.
INFO:Timing:3339 - The clock-to-out numbers in this timing report are based on 
   a 50 Ohm transmission line loading model.  For the details of this model, 
   and for more information on accounting for different loading conditions, 
   please see the device datasheet.



Data Sheet report:
-----------------
All values displayed in nanoseconds (ns)

Pad to Pad
---------------+---------------+---------+
Source Pad     |Destination Pad|  Delay  |
---------------+---------------+---------+
A<0>           |S<0>           |    7.808|
A<0>           |S<1>           |    7.876|
A<0>           |S<2>           |    8.477|
A<0>           |S<3>           |    7.766|
A<0>           |S<4>           |    8.881|
A<0>           |S<5>           |    8.620|
A<0>           |S<6>           |    9.363|
A<0>           |S<7>           |    9.214|
A<0>           |S<8>           |   10.010|
A<0>           |S<9>           |    9.871|
A<0>           |S<10>          |   10.425|
A<0>           |S<11>          |   10.132|
A<0>           |S<12>          |   10.361|
A<0>           |S<13>          |   10.915|
A<0>           |S<14>          |   11.150|
A<0>           |S<15>          |   11.249|
A<0>           |S<16>          |   11.917|
A<0>           |S<17>          |   11.817|
A<0>           |S<18>          |   12.689|
A<0>           |S<19>          |   12.764|
A<0>           |S<20>          |   12.537|
A<0>           |S<21>          |   12.463|
A<0>           |S<22>          |   13.743|
A<0>           |S<23>          |   13.442|
A<0>           |S<24>          |   14.047|
A<0>           |S<25>          |   13.746|
A<0>           |S<26>          |   14.757|
A<0>           |S<27>          |   14.961|
A<0>           |S<28>          |   15.179|
A<0>           |S<29>          |   14.999|
A<0>           |S<30>          |   15.426|
A<1>           |S<1>           |    7.971|
A<1>           |S<2>           |    8.585|
A<1>           |S<3>           |    7.874|
A<1>           |S<4>           |    8.989|
A<1>           |S<5>           |    8.728|
A<1>           |S<6>           |    9.471|
A<1>           |S<7>           |    9.322|
A<1>           |S<8>           |   10.118|
A<1>           |S<9>           |    9.979|
A<1>           |S<10>          |   10.533|
A<1>           |S<11>          |   10.240|
A<1>           |S<12>          |   10.469|
A<1>           |S<13>          |   11.023|
A<1>           |S<14>          |   11.258|
A<1>           |S<15>          |   11.357|
A<1>           |S<16>          |   12.025|
A<1>           |S<17>          |   11.925|
A<1>           |S<18>          |   12.797|
A<1>           |S<19>          |   12.872|
A<1>           |S<20>          |   12.645|
A<1>           |S<21>          |   12.571|
A<1>           |S<22>          |   13.851|
A<1>           |S<23>          |   13.550|
A<1>           |S<24>          |   14.155|
A<1>           |S<25>          |   13.854|
A<1>           |S<26>          |   14.865|
A<1>           |S<27>          |   15.069|
A<1>           |S<28>          |   15.287|
A<1>           |S<29>          |   15.107|
A<1>           |S<30>          |   15.534|
A<2>           |S<2>           |    7.927|
A<2>           |S<3>           |    7.653|
A<2>           |S<4>           |    8.281|
A<2>           |S<5>           |    8.020|
A<2>           |S<6>           |    8.763|
A<2>           |S<7>           |    8.614|
A<2>           |S<8>           |    9.410|
A<2>           |S<9>           |    9.271|
A<2>           |S<10>          |    9.825|
A<2>           |S<11>          |    9.532|
A<2>           |S<12>          |    9.761|
A<2>           |S<13>          |   10.315|
A<2>           |S<14>          |   10.550|
A<2>           |S<15>          |   10.649|
A<2>           |S<16>          |   11.317|
A<2>           |S<17>          |   11.217|
A<2>           |S<18>          |   12.089|
A<2>           |S<19>          |   12.164|
A<2>           |S<20>          |   11.937|
A<2>           |S<21>          |   11.863|
A<2>           |S<22>          |   13.143|
A<2>           |S<23>          |   12.842|
A<2>           |S<24>          |   13.447|
A<2>           |S<25>          |   13.146|
A<2>           |S<26>          |   14.157|
A<2>           |S<27>          |   14.361|
A<2>           |S<28>          |   14.579|
A<2>           |S<29>          |   14.399|
A<2>           |S<30>          |   14.826|
A<3>           |S<3>           |    7.648|
A<3>           |S<4>           |    8.048|
A<3>           |S<5>           |    7.787|
A<3>           |S<6>           |    8.530|
A<3>           |S<7>           |    8.381|
A<3>           |S<8>           |    9.177|
A<3>           |S<9>           |    9.038|
A<3>           |S<10>          |    9.592|
A<3>           |S<11>          |    9.299|
A<3>           |S<12>          |    9.528|
A<3>           |S<13>          |   10.082|
A<3>           |S<14>          |   10.317|
A<3>           |S<15>          |   10.416|
A<3>           |S<16>          |   11.084|
A<3>           |S<17>          |   10.984|
A<3>           |S<18>          |   11.856|
A<3>           |S<19>          |   11.931|
A<3>           |S<20>          |   11.704|
A<3>           |S<21>          |   11.630|
A<3>           |S<22>          |   12.910|
A<3>           |S<23>          |   12.609|
A<3>           |S<24>          |   13.214|
A<3>           |S<25>          |   12.913|
A<3>           |S<26>          |   13.924|
A<3>           |S<27>          |   14.128|
A<3>           |S<28>          |   14.346|
A<3>           |S<29>          |   14.166|
A<3>           |S<30>          |   14.593|
A<4>           |S<4>           |    7.578|
A<4>           |S<5>           |    7.863|
A<4>           |S<6>           |    8.418|
A<4>           |S<7>           |    8.269|
A<4>           |S<8>           |    9.065|
A<4>           |S<9>           |    8.926|
A<4>           |S<10>          |    9.480|
A<4>           |S<11>          |    9.187|
A<4>           |S<12>          |    9.416|
A<4>           |S<13>          |    9.970|
A<4>           |S<14>          |   10.205|
A<4>           |S<15>          |   10.304|
A<4>           |S<16>          |   10.972|
A<4>           |S<17>          |   10.872|
A<4>           |S<18>          |   11.744|
A<4>           |S<19>          |   11.819|
A<4>           |S<20>          |   11.592|
A<4>           |S<21>          |   11.518|
A<4>           |S<22>          |   12.798|
A<4>           |S<23>          |   12.497|
A<4>           |S<24>          |   13.102|
A<4>           |S<25>          |   12.801|
A<4>           |S<26>          |   13.812|
A<4>           |S<27>          |   14.016|
A<4>           |S<28>          |   14.234|
A<4>           |S<29>          |   14.054|
A<4>           |S<30>          |   14.481|
A<5>           |S<5>           |    7.349|
A<5>           |S<6>           |    8.351|
A<5>           |S<7>           |    8.202|
A<5>           |S<8>           |    8.998|
A<5>           |S<9>           |    8.859|
A<5>           |S<10>          |    9.413|
A<5>           |S<11>          |    9.120|
A<5>           |S<12>          |    9.349|
A<5>           |S<13>          |    9.903|
A<5>           |S<14>          |   10.138|
A<5>           |S<15>          |   10.237|
A<5>           |S<16>          |   10.905|
A<5>           |S<17>          |   10.805|
A<5>           |S<18>          |   11.677|
A<5>           |S<19>          |   11.752|
A<5>           |S<20>          |   11.525|
A<5>           |S<21>          |   11.451|
A<5>           |S<22>          |   12.731|
A<5>           |S<23>          |   12.430|
A<5>           |S<24>          |   13.035|
A<5>           |S<25>          |   12.734|
A<5>           |S<26>          |   13.745|
A<5>           |S<27>          |   13.949|
A<5>           |S<28>          |   14.167|
A<5>           |S<29>          |   13.987|
A<5>           |S<30>          |   14.414|
A<6>           |S<6>           |    7.948|
A<6>           |S<7>           |    7.841|
A<6>           |S<8>           |    8.099|
A<6>           |S<9>           |    7.960|
A<6>           |S<10>          |    8.514|
A<6>           |S<11>          |    8.221|
A<6>           |S<12>          |    8.450|
A<6>           |S<13>          |    9.004|
A<6>           |S<14>          |    9.239|
A<6>           |S<15>          |    9.338|
A<6>           |S<16>          |   10.006|
A<6>           |S<17>          |    9.906|
A<6>           |S<18>          |   10.778|
A<6>           |S<19>          |   10.853|
A<6>           |S<20>          |   10.626|
A<6>           |S<21>          |   10.552|
A<6>           |S<22>          |   11.832|
A<6>           |S<23>          |   11.531|
A<6>           |S<24>          |   12.136|
A<6>           |S<25>          |   11.835|
A<6>           |S<26>          |   12.846|
A<6>           |S<27>          |   13.050|
A<6>           |S<28>          |   13.268|
A<6>           |S<29>          |   13.088|
A<6>           |S<30>          |   13.515|
A<7>           |S<7>           |    8.150|
A<7>           |S<8>           |    8.615|
A<7>           |S<9>           |    8.476|
A<7>           |S<10>          |    9.030|
A<7>           |S<11>          |    8.737|
A<7>           |S<12>          |    8.966|
A<7>           |S<13>          |    9.520|
A<7>           |S<14>          |    9.755|
A<7>           |S<15>          |    9.854|
A<7>           |S<16>          |   10.522|
A<7>           |S<17>          |   10.422|
A<7>           |S<18>          |   11.294|
A<7>           |S<19>          |   11.369|
A<7>           |S<20>          |   11.142|
A<7>           |S<21>          |   11.068|
A<7>           |S<22>          |   12.348|
A<7>           |S<23>          |   12.047|
A<7>           |S<24>          |   12.652|
A<7>           |S<25>          |   12.351|
A<7>           |S<26>          |   13.362|
A<7>           |S<27>          |   13.566|
A<7>           |S<28>          |   13.784|
A<7>           |S<29>          |   13.604|
A<7>           |S<30>          |   14.031|
A<8>           |S<8>           |    7.940|
A<8>           |S<9>           |    7.732|
A<8>           |S<10>          |    8.646|
A<8>           |S<11>          |    8.353|
A<8>           |S<12>          |    8.582|
A<8>           |S<13>          |    9.136|
A<8>           |S<14>          |    9.371|
A<8>           |S<15>          |    9.470|
A<8>           |S<16>          |   10.138|
A<8>           |S<17>          |   10.038|
A<8>           |S<18>          |   10.910|
A<8>           |S<19>          |   10.985|
A<8>           |S<20>          |   10.758|
A<8>           |S<21>          |   10.684|
A<8>           |S<22>          |   11.964|
A<8>           |S<23>          |   11.663|
A<8>           |S<24>          |   12.268|
A<8>           |S<25>          |   11.967|
A<8>           |S<26>          |   12.978|
A<8>           |S<27>          |   13.182|
A<8>           |S<28>          |   13.400|
A<8>           |S<29>          |   13.220|
A<8>           |S<30>          |   13.647|
A<9>           |S<9>           |    8.077|
A<9>           |S<10>          |    8.316|
A<9>           |S<11>          |    8.023|
A<9>           |S<12>          |    8.252|
A<9>           |S<13>          |    8.806|
A<9>           |S<14>          |    9.041|
A<9>           |S<15>          |    9.140|
A<9>           |S<16>          |    9.808|
A<9>           |S<17>          |    9.708|
A<9>           |S<18>          |   10.580|
A<9>           |S<19>          |   10.655|
A<9>           |S<20>          |   10.428|
A<9>           |S<21>          |   10.354|
A<9>           |S<22>          |   11.634|
A<9>           |S<23>          |   11.333|
A<9>           |S<24>          |   11.938|
A<9>           |S<25>          |   11.637|
A<9>           |S<26>          |   12.648|
A<9>           |S<27>          |   12.852|
A<9>           |S<28>          |   13.070|
A<9>           |S<29>          |   12.890|
A<9>           |S<30>          |   13.317|
A<10>          |S<10>          |    7.860|
A<10>          |S<11>          |    7.706|
A<10>          |S<12>          |    8.109|
A<10>          |S<13>          |    8.663|
A<10>          |S<14>          |    8.898|
A<10>          |S<15>          |    8.997|
A<10>          |S<16>          |    9.665|
A<10>          |S<17>          |    9.565|
A<10>          |S<18>          |   10.437|
A<10>          |S<19>          |   10.512|
A<10>          |S<20>          |   10.285|
A<10>          |S<21>          |   10.211|
A<10>          |S<22>          |   11.491|
A<10>          |S<23>          |   11.190|
A<10>          |S<24>          |   11.795|
A<10>          |S<25>          |   11.494|
A<10>          |S<26>          |   12.505|
A<10>          |S<27>          |   12.709|
A<10>          |S<28>          |   12.927|
A<10>          |S<29>          |   12.747|
A<10>          |S<30>          |   13.174|
A<11>          |S<11>          |    7.203|
A<11>          |S<12>          |    7.439|
A<11>          |S<13>          |    7.993|
A<11>          |S<14>          |    8.228|
A<11>          |S<15>          |    8.327|
A<11>          |S<16>          |    8.995|
A<11>          |S<17>          |    8.895|
A<11>          |S<18>          |    9.767|
A<11>          |S<19>          |    9.842|
A<11>          |S<20>          |    9.615|
A<11>          |S<21>          |    9.541|
A<11>          |S<22>          |   10.821|
A<11>          |S<23>          |   10.520|
A<11>          |S<24>          |   11.125|
A<11>          |S<25>          |   10.824|
A<11>          |S<26>          |   11.835|
A<11>          |S<27>          |   12.039|
A<11>          |S<28>          |   12.257|
A<11>          |S<29>          |   12.077|
A<11>          |S<30>          |   12.504|
A<12>          |S<12>          |    6.961|
A<12>          |S<13>          |    7.552|
A<12>          |S<14>          |    8.168|
A<12>          |S<15>          |    8.267|
A<12>          |S<16>          |    8.935|
A<12>          |S<17>          |    8.835|
A<12>          |S<18>          |    9.707|
A<12>          |S<19>          |    9.782|
A<12>          |S<20>          |    9.555|
A<12>          |S<21>          |    9.481|
A<12>          |S<22>          |   10.761|
A<12>          |S<23>          |   10.460|
A<12>          |S<24>          |   11.065|
A<12>          |S<25>          |   10.764|
A<12>          |S<26>          |   11.775|
A<12>          |S<27>          |   11.979|
A<12>          |S<28>          |   12.197|
A<12>          |S<29>          |   12.017|
A<12>          |S<30>          |   12.444|
A<13>          |S<13>          |    7.565|
A<13>          |S<14>          |    8.467|
A<13>          |S<15>          |    8.566|
A<13>          |S<16>          |    9.234|
A<13>          |S<17>          |    9.134|
A<13>          |S<18>          |   10.006|
A<13>          |S<19>          |   10.081|
A<13>          |S<20>          |    9.854|
A<13>          |S<21>          |    9.780|
A<13>          |S<22>          |   11.060|
A<13>          |S<23>          |   10.759|
A<13>          |S<24>          |   11.364|
A<13>          |S<25>          |   11.063|
A<13>          |S<26>          |   12.074|
A<13>          |S<27>          |   12.278|
A<13>          |S<28>          |   12.496|
A<13>          |S<29>          |   12.316|
A<13>          |S<30>          |   12.743|
A<14>          |S<14>          |    7.953|
A<14>          |S<15>          |    7.883|
A<14>          |S<16>          |    8.083|
A<14>          |S<17>          |    7.983|
A<14>          |S<18>          |    8.855|
A<14>          |S<19>          |    8.930|
A<14>          |S<20>          |    8.703|
A<14>          |S<21>          |    8.629|
A<14>          |S<22>          |    9.909|
A<14>          |S<23>          |    9.608|
A<14>          |S<24>          |   10.213|
A<14>          |S<25>          |    9.912|
A<14>          |S<26>          |   10.923|
A<14>          |S<27>          |   11.127|
A<14>          |S<28>          |   11.345|
A<14>          |S<29>          |   11.165|
A<14>          |S<30>          |   11.592|
A<15>          |S<15>          |    7.675|
A<15>          |S<16>          |    8.310|
A<15>          |S<17>          |    8.210|
A<15>          |S<18>          |    9.082|
A<15>          |S<19>          |    9.157|
A<15>          |S<20>          |    8.930|
A<15>          |S<21>          |    8.856|
A<15>          |S<22>          |   10.136|
A<15>          |S<23>          |    9.835|
A<15>          |S<24>          |   10.440|
A<15>          |S<25>          |   10.139|
A<15>          |S<26>          |   11.150|
A<15>          |S<27>          |   11.354|
A<15>          |S<28>          |   11.572|
A<15>          |S<29>          |   11.392|
A<15>          |S<30>          |   11.819|
A<16>          |S<16>          |    7.296|
A<16>          |S<17>          |    7.484|
A<16>          |S<18>          |    8.165|
A<16>          |S<19>          |    8.240|
A<16>          |S<20>          |    8.013|
A<16>          |S<21>          |    7.939|
A<16>          |S<22>          |    9.219|
A<16>          |S<23>          |    8.918|
A<16>          |S<24>          |    9.523|
A<16>          |S<25>          |    9.222|
A<16>          |S<26>          |   10.233|
A<16>          |S<27>          |   10.437|
A<16>          |S<28>          |   10.655|
A<16>          |S<29>          |   10.475|
A<16>          |S<30>          |   10.902|
A<17>          |S<17>          |    7.099|
A<17>          |S<18>          |    8.461|
A<17>          |S<19>          |    8.536|
A<17>          |S<20>          |    8.309|
A<17>          |S<21>          |    8.235|
A<17>          |S<22>          |    9.515|
A<17>          |S<23>          |    9.214|
A<17>          |S<24>          |    9.819|
A<17>          |S<25>          |    9.518|
A<17>          |S<26>          |   10.529|
A<17>          |S<27>          |   10.733|
A<17>          |S<28>          |   10.951|
A<17>          |S<29>          |   10.771|
A<17>          |S<30>          |   11.198|
A<18>          |S<18>          |    7.490|
A<18>          |S<19>          |    7.848|
A<18>          |S<20>          |    7.604|
A<18>          |S<21>          |    7.530|
A<18>          |S<22>          |    8.810|
A<18>          |S<23>          |    8.509|
A<18>          |S<24>          |    9.114|
A<18>          |S<25>          |    8.813|
A<18>          |S<26>          |    9.824|
A<18>          |S<27>          |   10.028|
A<18>          |S<28>          |   10.246|
A<18>          |S<29>          |   10.066|
A<18>          |S<30>          |   10.493|
A<19>          |S<19>          |    7.521|
A<19>          |S<20>          |    7.855|
A<19>          |S<21>          |    7.781|
A<19>          |S<22>          |    9.061|
A<19>          |S<23>          |    8.760|
A<19>          |S<24>          |    9.365|
A<19>          |S<25>          |    9.064|
A<19>          |S<26>          |   10.075|
A<19>          |S<27>          |   10.279|
A<19>          |S<28>          |   10.497|
A<19>          |S<29>          |   10.317|
A<19>          |S<30>          |   10.744|
A<20>          |S<20>          |    7.302|
A<20>          |S<21>          |    7.446|
A<20>          |S<22>          |    8.428|
A<20>          |S<23>          |    8.127|
A<20>          |S<24>          |    8.732|
A<20>          |S<25>          |    8.431|
A<20>          |S<26>          |    9.442|
A<20>          |S<27>          |    9.646|
A<20>          |S<28>          |    9.864|
A<20>          |S<29>          |    9.684|
A<20>          |S<30>          |   10.111|
A<21>          |S<21>          |    7.589|
A<21>          |S<22>          |    8.236|
A<21>          |S<23>          |    7.935|
A<21>          |S<24>          |    8.540|
A<21>          |S<25>          |    8.239|
A<21>          |S<26>          |    9.250|
A<21>          |S<27>          |    9.454|
A<21>          |S<28>          |    9.672|
A<21>          |S<29>          |    9.492|
A<21>          |S<30>          |    9.919|
A<22>          |S<22>          |    7.972|
A<22>          |S<23>          |    7.676|
A<22>          |S<24>          |    8.281|
A<22>          |S<25>          |    7.980|
A<22>          |S<26>          |    8.991|
A<22>          |S<27>          |    9.195|
A<22>          |S<28>          |    9.413|
A<22>          |S<29>          |    9.233|
A<22>          |S<30>          |    9.660|
A<23>          |S<23>          |    7.070|
A<23>          |S<24>          |    8.061|
A<23>          |S<25>          |    7.760|
A<23>          |S<26>          |    8.771|
A<23>          |S<27>          |    8.975|
A<23>          |S<28>          |    9.193|
A<23>          |S<29>          |    9.013|
A<23>          |S<30>          |    9.440|
A<24>          |S<24>          |    7.069|
A<24>          |S<25>          |    7.315|
A<24>          |S<26>          |    8.123|
A<24>          |S<27>          |    8.327|
A<24>          |S<28>          |    8.545|
A<24>          |S<29>          |    8.365|
A<24>          |S<30>          |    8.792|
A<25>          |S<25>          |    7.384|
A<25>          |S<26>          |    7.986|
A<25>          |S<27>          |    8.190|
A<25>          |S<28>          |    8.408|
A<25>          |S<29>          |    8.228|
A<25>          |S<30>          |    8.655|
A<26>          |S<26>          |    7.553|
A<26>          |S<27>          |    7.685|
A<26>          |S<28>          |    8.104|
A<26>          |S<29>          |    7.924|
A<26>          |S<30>          |    8.351|
A<27>          |S<27>          |    7.632|
A<27>          |S<28>          |    7.561|
A<27>          |S<29>          |    7.381|
A<27>          |S<30>          |    7.808|
A<28>          |S<28>          |    7.116|
A<28>          |S<29>          |    7.466|
A<28>          |S<30>          |    7.374|
A<29>          |S<29>          |    7.433|
A<29>          |S<30>          |    7.014|
A<30>          |S<30>          |    6.848|
B<0>           |S<0>           |    7.248|
B<0>           |S<1>           |    7.450|
B<0>           |S<2>           |    8.051|
B<0>           |S<3>           |    7.340|
B<0>           |S<4>           |    8.455|
B<0>           |S<5>           |    8.194|
B<0>           |S<6>           |    8.937|
B<0>           |S<7>           |    8.788|
B<0>           |S<8>           |    9.584|
B<0>           |S<9>           |    9.445|
B<0>           |S<10>          |    9.999|
B<0>           |S<11>          |    9.706|
B<0>           |S<12>          |    9.935|
B<0>           |S<13>          |   10.489|
B<0>           |S<14>          |   10.724|
B<0>           |S<15>          |   10.823|
B<0>           |S<16>          |   11.491|
B<0>           |S<17>          |   11.391|
B<0>           |S<18>          |   12.263|
B<0>           |S<19>          |   12.338|
B<0>           |S<20>          |   12.111|
B<0>           |S<21>          |   12.037|
B<0>           |S<22>          |   13.317|
B<0>           |S<23>          |   13.016|
B<0>           |S<24>          |   13.621|
B<0>           |S<25>          |   13.320|
B<0>           |S<26>          |   14.331|
B<0>           |S<27>          |   14.535|
B<0>           |S<28>          |   14.753|
B<0>           |S<29>          |   14.573|
B<0>           |S<30>          |   15.000|
B<1>           |S<1>           |    7.946|
B<1>           |S<2>           |    8.562|
B<1>           |S<3>           |    7.851|
B<1>           |S<4>           |    8.966|
B<1>           |S<5>           |    8.705|
B<1>           |S<6>           |    9.448|
B<1>           |S<7>           |    9.299|
B<1>           |S<8>           |   10.095|
B<1>           |S<9>           |    9.956|
B<1>           |S<10>          |   10.510|
B<1>           |S<11>          |   10.217|
B<1>           |S<12>          |   10.446|
B<1>           |S<13>          |   11.000|
B<1>           |S<14>          |   11.235|
B<1>           |S<15>          |   11.334|
B<1>           |S<16>          |   12.002|
B<1>           |S<17>          |   11.902|
B<1>           |S<18>          |   12.774|
B<1>           |S<19>          |   12.849|
B<1>           |S<20>          |   12.622|
B<1>           |S<21>          |   12.548|
B<1>           |S<22>          |   13.828|
B<1>           |S<23>          |   13.527|
B<1>           |S<24>          |   14.132|
B<1>           |S<25>          |   13.831|
B<1>           |S<26>          |   14.842|
B<1>           |S<27>          |   15.046|
B<1>           |S<28>          |   15.264|
B<1>           |S<29>          |   15.084|
B<1>           |S<30>          |   15.511|
B<2>           |S<2>           |    7.258|
B<2>           |S<3>           |    7.245|
B<2>           |S<4>           |    8.142|
B<2>           |S<5>           |    7.881|
B<2>           |S<6>           |    8.624|
B<2>           |S<7>           |    8.475|
B<2>           |S<8>           |    9.271|
B<2>           |S<9>           |    9.132|
B<2>           |S<10>          |    9.686|
B<2>           |S<11>          |    9.393|
B<2>           |S<12>          |    9.622|
B<2>           |S<13>          |   10.176|
B<2>           |S<14>          |   10.411|
B<2>           |S<15>          |   10.510|
B<2>           |S<16>          |   11.178|
B<2>           |S<17>          |   11.078|
B<2>           |S<18>          |   11.950|
B<2>           |S<19>          |   12.025|
B<2>           |S<20>          |   11.798|
B<2>           |S<21>          |   11.724|
B<2>           |S<22>          |   13.004|
B<2>           |S<23>          |   12.703|
B<2>           |S<24>          |   13.308|
B<2>           |S<25>          |   13.007|
B<2>           |S<26>          |   14.018|
B<2>           |S<27>          |   14.222|
B<2>           |S<28>          |   14.440|
B<2>           |S<29>          |   14.260|
B<2>           |S<30>          |   14.687|
B<3>           |S<3>           |    6.742|
B<3>           |S<4>           |    7.957|
B<3>           |S<5>           |    7.696|
B<3>           |S<6>           |    8.439|
B<3>           |S<7>           |    8.290|
B<3>           |S<8>           |    9.086|
B<3>           |S<9>           |    8.947|
B<3>           |S<10>          |    9.501|
B<3>           |S<11>          |    9.208|
B<3>           |S<12>          |    9.437|
B<3>           |S<13>          |    9.991|
B<3>           |S<14>          |   10.226|
B<3>           |S<15>          |   10.325|
B<3>           |S<16>          |   10.993|
B<3>           |S<17>          |   10.893|
B<3>           |S<18>          |   11.765|
B<3>           |S<19>          |   11.840|
B<3>           |S<20>          |   11.613|
B<3>           |S<21>          |   11.539|
B<3>           |S<22>          |   12.819|
B<3>           |S<23>          |   12.518|
B<3>           |S<24>          |   13.123|
B<3>           |S<25>          |   12.822|
B<3>           |S<26>          |   13.833|
B<3>           |S<27>          |   14.037|
B<3>           |S<28>          |   14.255|
B<3>           |S<29>          |   14.075|
B<3>           |S<30>          |   14.502|
B<4>           |S<4>           |    7.355|
B<4>           |S<5>           |    7.384|
B<4>           |S<6>           |    7.910|
B<4>           |S<7>           |    7.761|
B<4>           |S<8>           |    8.557|
B<4>           |S<9>           |    8.418|
B<4>           |S<10>          |    8.972|
B<4>           |S<11>          |    8.679|
B<4>           |S<12>          |    8.908|
B<4>           |S<13>          |    9.462|
B<4>           |S<14>          |    9.697|
B<4>           |S<15>          |    9.796|
B<4>           |S<16>          |   10.464|
B<4>           |S<17>          |   10.364|
B<4>           |S<18>          |   11.236|
B<4>           |S<19>          |   11.311|
B<4>           |S<20>          |   11.084|
B<4>           |S<21>          |   11.010|
B<4>           |S<22>          |   12.290|
B<4>           |S<23>          |   11.989|
B<4>           |S<24>          |   12.594|
B<4>           |S<25>          |   12.293|
B<4>           |S<26>          |   13.304|
B<4>           |S<27>          |   13.508|
B<4>           |S<28>          |   13.726|
B<4>           |S<29>          |   13.546|
B<4>           |S<30>          |   13.973|
B<5>           |S<5>           |    7.462|
B<5>           |S<6>           |    7.595|
B<5>           |S<7>           |    7.446|
B<5>           |S<8>           |    8.242|
B<5>           |S<9>           |    8.103|
B<5>           |S<10>          |    8.657|
B<5>           |S<11>          |    8.364|
B<5>           |S<12>          |    8.593|
B<5>           |S<13>          |    9.147|
B<5>           |S<14>          |    9.382|
B<5>           |S<15>          |    9.481|
B<5>           |S<16>          |   10.149|
B<5>           |S<17>          |   10.049|
B<5>           |S<18>          |   10.921|
B<5>           |S<19>          |   10.996|
B<5>           |S<20>          |   10.769|
B<5>           |S<21>          |   10.695|
B<5>           |S<22>          |   11.975|
B<5>           |S<23>          |   11.674|
B<5>           |S<24>          |   12.279|
B<5>           |S<25>          |   11.978|
B<5>           |S<26>          |   12.989|
B<5>           |S<27>          |   13.193|
B<5>           |S<28>          |   13.411|
B<5>           |S<29>          |   13.231|
B<5>           |S<30>          |   13.658|
B<6>           |S<6>           |    7.388|
B<6>           |S<7>           |    7.144|
B<6>           |S<8>           |    8.040|
B<6>           |S<9>           |    7.901|
B<6>           |S<10>          |    8.455|
B<6>           |S<11>          |    8.162|
B<6>           |S<12>          |    8.391|
B<6>           |S<13>          |    8.945|
B<6>           |S<14>          |    9.180|
B<6>           |S<15>          |    9.279|
B<6>           |S<16>          |    9.947|
B<6>           |S<17>          |    9.847|
B<6>           |S<18>          |   10.719|
B<6>           |S<19>          |   10.794|
B<6>           |S<20>          |   10.567|
B<6>           |S<21>          |   10.493|
B<6>           |S<22>          |   11.773|
B<6>           |S<23>          |   11.472|
B<6>           |S<24>          |   12.077|
B<6>           |S<25>          |   11.776|
B<6>           |S<26>          |   12.787|
B<6>           |S<27>          |   12.991|
B<6>           |S<28>          |   13.209|
B<6>           |S<29>          |   13.029|
B<6>           |S<30>          |   13.456|
B<7>           |S<7>           |    7.544|
B<7>           |S<8>           |    7.994|
B<7>           |S<9>           |    7.855|
B<7>           |S<10>          |    8.409|
B<7>           |S<11>          |    8.116|
B<7>           |S<12>          |    8.345|
B<7>           |S<13>          |    8.899|
B<7>           |S<14>          |    9.134|
B<7>           |S<15>          |    9.233|
B<7>           |S<16>          |    9.901|
B<7>           |S<17>          |    9.801|
B<7>           |S<18>          |   10.673|
B<7>           |S<19>          |   10.748|
B<7>           |S<20>          |   10.521|
B<7>           |S<21>          |   10.447|
B<7>           |S<22>          |   11.727|
B<7>           |S<23>          |   11.426|
B<7>           |S<24>          |   12.031|
B<7>           |S<25>          |   11.730|
B<7>           |S<26>          |   12.741|
B<7>           |S<27>          |   12.945|
B<7>           |S<28>          |   13.163|
B<7>           |S<29>          |   12.983|
B<7>           |S<30>          |   13.410|
B<8>           |S<8>           |    7.514|
B<8>           |S<9>           |    7.513|
B<8>           |S<10>          |    8.082|
B<8>           |S<11>          |    7.789|
B<8>           |S<12>          |    8.018|
B<8>           |S<13>          |    8.572|
B<8>           |S<14>          |    8.807|
B<8>           |S<15>          |    8.906|
B<8>           |S<16>          |    9.574|
B<8>           |S<17>          |    9.474|
B<8>           |S<18>          |   10.346|
B<8>           |S<19>          |   10.421|
B<8>           |S<20>          |   10.194|
B<8>           |S<21>          |   10.120|
B<8>           |S<22>          |   11.400|
B<8>           |S<23>          |   11.099|
B<8>           |S<24>          |   11.704|
B<8>           |S<25>          |   11.403|
B<8>           |S<26>          |   12.414|
B<8>           |S<27>          |   12.618|
B<8>           |S<28>          |   12.836|
B<8>           |S<29>          |   12.656|
B<8>           |S<30>          |   13.083|
B<9>           |S<9>           |    7.294|
B<9>           |S<10>          |    8.119|
B<9>           |S<11>          |    7.826|
B<9>           |S<12>          |    8.055|
B<9>           |S<13>          |    8.609|
B<9>           |S<14>          |    8.844|
B<9>           |S<15>          |    8.943|
B<9>           |S<16>          |    9.611|
B<9>           |S<17>          |    9.511|
B<9>           |S<18>          |   10.383|
B<9>           |S<19>          |   10.458|
B<9>           |S<20>          |   10.231|
B<9>           |S<21>          |   10.157|
B<9>           |S<22>          |   11.437|
B<9>           |S<23>          |   11.136|
B<9>           |S<24>          |   11.741|
B<9>           |S<25>          |   11.440|
B<9>           |S<26>          |   12.451|
B<9>           |S<27>          |   12.655|
B<9>           |S<28>          |   12.873|
B<9>           |S<29>          |   12.693|
B<9>           |S<30>          |   13.120|
B<10>          |S<10>          |    7.269|
B<10>          |S<11>          |    7.152|
B<10>          |S<12>          |    7.612|
B<10>          |S<13>          |    8.166|
B<10>          |S<14>          |    8.401|
B<10>          |S<15>          |    8.500|
B<10>          |S<16>          |    9.168|
B<10>          |S<17>          |    9.068|
B<10>          |S<18>          |    9.940|
B<10>          |S<19>          |   10.015|
B<10>          |S<20>          |    9.788|
B<10>          |S<21>          |    9.714|
B<10>          |S<22>          |   10.994|
B<10>          |S<23>          |   10.693|
B<10>          |S<24>          |   11.298|
B<10>          |S<25>          |   10.997|
B<10>          |S<26>          |   12.008|
B<10>          |S<27>          |   12.212|
B<10>          |S<28>          |   12.430|
B<10>          |S<29>          |   12.250|
B<10>          |S<30>          |   12.677|
B<11>          |S<11>          |    6.813|
B<11>          |S<12>          |    7.794|
B<11>          |S<13>          |    8.348|
B<11>          |S<14>          |    8.583|
B<11>          |S<15>          |    8.682|
B<11>          |S<16>          |    9.350|
B<11>          |S<17>          |    9.250|
B<11>          |S<18>          |   10.122|
B<11>          |S<19>          |   10.197|
B<11>          |S<20>          |    9.970|
B<11>          |S<21>          |    9.896|
B<11>          |S<22>          |   11.176|
B<11>          |S<23>          |   10.875|
B<11>          |S<24>          |   11.480|
B<11>          |S<25>          |   11.179|
B<11>          |S<26>          |   12.190|
B<11>          |S<27>          |   12.394|
B<11>          |S<28>          |   12.612|
B<11>          |S<29>          |   12.432|
B<11>          |S<30>          |   12.859|
B<12>          |S<12>          |    7.451|
B<12>          |S<13>          |    7.941|
B<12>          |S<14>          |    8.441|
B<12>          |S<15>          |    8.540|
B<12>          |S<16>          |    9.208|
B<12>          |S<17>          |    9.108|
B<12>          |S<18>          |    9.980|
B<12>          |S<19>          |   10.055|
B<12>          |S<20>          |    9.828|
B<12>          |S<21>          |    9.754|
B<12>          |S<22>          |   11.034|
B<12>          |S<23>          |   10.733|
B<12>          |S<24>          |   11.338|
B<12>          |S<25>          |   11.037|
B<12>          |S<26>          |   12.048|
B<12>          |S<27>          |   12.252|
B<12>          |S<28>          |   12.470|
B<12>          |S<29>          |   12.290|
B<12>          |S<30>          |   12.717|
B<13>          |S<13>          |    7.277|
B<13>          |S<14>          |    7.712|
B<13>          |S<15>          |    7.811|
B<13>          |S<16>          |    8.479|
B<13>          |S<17>          |    8.379|
B<13>          |S<18>          |    9.251|
B<13>          |S<19>          |    9.326|
B<13>          |S<20>          |    9.099|
B<13>          |S<21>          |    9.025|
B<13>          |S<22>          |   10.305|
B<13>          |S<23>          |   10.004|
B<13>          |S<24>          |   10.609|
B<13>          |S<25>          |   10.308|
B<13>          |S<26>          |   11.319|
B<13>          |S<27>          |   11.523|
B<13>          |S<28>          |   11.741|
B<13>          |S<29>          |   11.561|
B<13>          |S<30>          |   11.988|
B<14>          |S<14>          |    7.037|
B<14>          |S<15>          |    7.171|
B<14>          |S<16>          |    7.872|
B<14>          |S<17>          |    7.772|
B<14>          |S<18>          |    8.644|
B<14>          |S<19>          |    8.719|
B<14>          |S<20>          |    8.492|
B<14>          |S<21>          |    8.418|
B<14>          |S<22>          |    9.698|
B<14>          |S<23>          |    9.397|
B<14>          |S<24>          |   10.002|
B<14>          |S<25>          |    9.701|
B<14>          |S<26>          |   10.712|
B<14>          |S<27>          |   10.916|
B<14>          |S<28>          |   11.134|
B<14>          |S<29>          |   10.954|
B<14>          |S<30>          |   11.381|
B<15>          |S<15>          |    7.040|
B<15>          |S<16>          |    7.799|
B<15>          |S<17>          |    7.699|
B<15>          |S<18>          |    8.571|
B<15>          |S<19>          |    8.646|
B<15>          |S<20>          |    8.419|
B<15>          |S<21>          |    8.345|
B<15>          |S<22>          |    9.625|
B<15>          |S<23>          |    9.324|
B<15>          |S<24>          |    9.929|
B<15>          |S<25>          |    9.628|
B<15>          |S<26>          |   10.639|
B<15>          |S<27>          |   10.843|
B<15>          |S<28>          |   11.061|
B<15>          |S<29>          |   10.881|
B<15>          |S<30>          |   11.308|
B<16>          |S<16>          |    6.905|
B<16>          |S<17>          |    7.058|
B<16>          |S<18>          |    7.981|
B<16>          |S<19>          |    8.056|
B<16>          |S<20>          |    7.829|
B<16>          |S<21>          |    7.755|
B<16>          |S<22>          |    9.035|
B<16>          |S<23>          |    8.734|
B<16>          |S<24>          |    9.339|
B<16>          |S<25>          |    9.038|
B<16>          |S<26>          |   10.049|
B<16>          |S<27>          |   10.253|
B<16>          |S<28>          |   10.471|
B<16>          |S<29>          |   10.291|
B<16>          |S<30>          |   10.718|
B<17>          |S<17>          |    7.131|
B<17>          |S<18>          |    8.040|
B<17>          |S<19>          |    8.115|
B<17>          |S<20>          |    7.888|
B<17>          |S<21>          |    7.814|
B<17>          |S<22>          |    9.094|
B<17>          |S<23>          |    8.793|
B<17>          |S<24>          |    9.398|
B<17>          |S<25>          |    9.097|
B<17>          |S<26>          |   10.108|
B<17>          |S<27>          |   10.312|
B<17>          |S<28>          |   10.530|
B<17>          |S<29>          |   10.350|
B<17>          |S<30>          |   10.777|
B<18>          |S<18>          |    7.286|
B<18>          |S<19>          |    7.372|
B<18>          |S<20>          |    7.848|
B<18>          |S<21>          |    7.774|
B<18>          |S<22>          |    9.054|
B<18>          |S<23>          |    8.753|
B<18>          |S<24>          |    9.358|
B<18>          |S<25>          |    9.057|
B<18>          |S<26>          |   10.068|
B<18>          |S<27>          |   10.272|
B<18>          |S<28>          |   10.490|
B<18>          |S<29>          |   10.310|
B<18>          |S<30>          |   10.737|
B<19>          |S<19>          |    7.406|
B<19>          |S<20>          |    7.373|
B<19>          |S<21>          |    7.299|
B<19>          |S<22>          |    8.579|
B<19>          |S<23>          |    8.278|
B<19>          |S<24>          |    8.883|
B<19>          |S<25>          |    8.582|
B<19>          |S<26>          |    9.593|
B<19>          |S<27>          |    9.797|
B<19>          |S<28>          |   10.015|
B<19>          |S<29>          |    9.835|
B<19>          |S<30>          |   10.262|
B<20>          |S<20>          |    7.118|
B<20>          |S<21>          |    7.229|
B<20>          |S<22>          |    7.731|
B<20>          |S<23>          |    7.430|
B<20>          |S<24>          |    8.035|
B<20>          |S<25>          |    7.734|
B<20>          |S<26>          |    8.745|
B<20>          |S<27>          |    8.949|
B<20>          |S<28>          |    9.167|
B<20>          |S<29>          |    8.987|
B<20>          |S<30>          |    9.414|
B<21>          |S<21>          |    6.989|
B<21>          |S<22>          |    7.861|
B<21>          |S<23>          |    7.560|
B<21>          |S<24>          |    8.165|
B<21>          |S<25>          |    7.864|
B<21>          |S<26>          |    8.875|
B<21>          |S<27>          |    9.079|
B<21>          |S<28>          |    9.297|
B<21>          |S<29>          |    9.117|
B<21>          |S<30>          |    9.544|
B<22>          |S<22>          |    7.456|
B<22>          |S<23>          |    7.026|
B<22>          |S<24>          |    7.571|
B<22>          |S<25>          |    7.270|
B<22>          |S<26>          |    8.281|
B<22>          |S<27>          |    8.485|
B<22>          |S<28>          |    8.703|
B<22>          |S<29>          |    8.523|
B<22>          |S<30>          |    8.950|
B<23>          |S<23>          |    7.169|
B<23>          |S<24>          |    7.562|
B<23>          |S<25>          |    7.261|
B<23>          |S<26>          |    8.272|
B<23>          |S<27>          |    8.476|
B<23>          |S<28>          |    8.694|
B<23>          |S<29>          |    8.514|
B<23>          |S<30>          |    8.941|
B<24>          |S<24>          |    7.190|
B<24>          |S<25>          |    7.240|
B<24>          |S<26>          |    7.456|
B<24>          |S<27>          |    7.660|
B<24>          |S<28>          |    7.878|
B<24>          |S<29>          |    7.698|
B<24>          |S<30>          |    8.125|
B<25>          |S<25>          |    6.892|
B<25>          |S<26>          |    7.810|
B<25>          |S<27>          |    8.014|
B<25>          |S<28>          |    8.232|
B<25>          |S<29>          |    8.052|
B<25>          |S<30>          |    8.479|
B<26>          |S<26>          |    7.318|
B<26>          |S<27>          |    7.379|
B<26>          |S<28>          |    7.623|
B<26>          |S<29>          |    7.443|
B<26>          |S<30>          |    7.870|
B<27>          |S<27>          |    7.251|
B<27>          |S<28>          |    8.049|
B<27>          |S<29>          |    7.869|
B<27>          |S<30>          |    8.296|
B<28>          |S<28>          |    7.142|
B<28>          |S<29>          |    7.246|
B<28>          |S<30>          |    7.389|
B<29>          |S<29>          |    7.122|
B<29>          |S<30>          |    7.067|
B<30>          |S<30>          |    6.746|
sel            |S<1>           |   10.690|
sel            |S<2>           |   11.302|
sel            |S<3>           |   10.591|
sel            |S<4>           |   11.706|
sel            |S<5>           |   11.445|
sel            |S<6>           |   12.188|
sel            |S<7>           |   12.039|
sel            |S<8>           |   12.835|
sel            |S<9>           |   12.696|
sel            |S<10>          |   13.250|
sel            |S<11>          |   12.957|
sel            |S<12>          |   13.186|
sel            |S<13>          |   13.740|
sel            |S<14>          |   13.975|
sel            |S<15>          |   14.074|
sel            |S<16>          |   14.742|
sel            |S<17>          |   14.642|
sel            |S<18>          |   15.514|
sel            |S<19>          |   15.589|
sel            |S<20>          |   15.362|
sel            |S<21>          |   15.288|
sel            |S<22>          |   16.568|
sel            |S<23>          |   16.267|
sel            |S<24>          |   16.872|
sel            |S<25>          |   16.571|
sel            |S<26>          |   17.582|
sel            |S<27>          |   17.786|
sel            |S<28>          |   18.004|
sel            |S<29>          |   17.824|
sel            |S<30>          |   18.251|
---------------+---------------+---------+


Analysis completed Tue Jan 26 01:30:12 2021 
--------------------------------------------------------------------------------

Trace Settings:
-------------------------
Trace Settings 

Peak Memory Usage: 4959 MB



