--------------------------------------------------------------------------------
Release 14.7 Trace  (nt64)
Copyright (c) 1995-2013 Xilinx, Inc.  All rights reserved.

C:\Xilinx\14.7\ISE_DS\ISE\bin\nt64\unwrapped\trce.exe -intstyle ise -v 3 -s 2I
-n 3 -fastpaths -xml multi8bit.twx multi8bit.ncd -o multi8bit.twr multi8bit.pcf

Design file:              multi8bit.ncd
Physical constraint file: multi8bit.pcf
Device,package,speed:     xa7a100t,csg324,I,-2I (PRELIMINARY 1.07 2013-10-13)
Report level:             verbose report

Environment Variable      Effect 
--------------------      ------ 
NONE                      No environment variables were set
--------------------------------------------------------------------------------

INFO:Timing:2698 - No timing constraints found, doing default enumeration.
INFO:Timing:3412 - To improve timing, see the Timing Closure User Guide (UG612).
INFO:Timing:2752 - To get complete path coverage, use the unconstrained paths 
   option. All paths that are not constrained will be reported in the 
   unconstrained paths section(s) of the report.
INFO:Timing:3339 - The clock-to-out numbers in this timing report are based on 
   a 50 Ohm transmission line loading model.  For the details of this model, 
   and for more information on accounting for different loading conditions, 
   please see the device datasheet.



Data Sheet report:
-----------------
All values displayed in nanoseconds (ns)

Pad to Pad
---------------+---------------+---------+
Source Pad     |Destination Pad|  Delay  |
---------------+---------------+---------+
A<0>           |P<0>           |    5.716|
A<0>           |P<1>           |    7.215|
A<0>           |P<2>           |   13.677|
A<0>           |P<3>           |   13.899|
A<0>           |P<4>           |   24.096|
A<0>           |P<5>           |   29.144|
A<0>           |P<6>           |   35.777|
A<0>           |P<7>           |   39.750|
A<0>           |P<8>           |   39.130|
A<0>           |P<9>           |   38.707|
A<0>           |P<10>          |   38.484|
A<0>           |P<11>          |   37.686|
A<0>           |P<12>          |   37.372|
A<0>           |P<13>          |   36.470|
A<0>           |P<14>          |   36.241|
A<0>           |P<15>          |   39.706|
A<1>           |P<1>           |    7.942|
A<1>           |P<2>           |   13.809|
A<1>           |P<3>           |   14.031|
A<1>           |P<4>           |   24.228|
A<1>           |P<5>           |   29.276|
A<1>           |P<6>           |   35.909|
A<1>           |P<7>           |   39.882|
A<1>           |P<8>           |   39.262|
A<1>           |P<9>           |   38.839|
A<1>           |P<10>          |   38.616|
A<1>           |P<11>          |   37.818|
A<1>           |P<12>          |   37.504|
A<1>           |P<13>          |   36.602|
A<1>           |P<14>          |   36.373|
A<1>           |P<15>          |   39.838|
A<2>           |P<1>           |   10.019|
A<2>           |P<2>           |   15.866|
A<2>           |P<3>           |   16.088|
A<2>           |P<4>           |   26.285|
A<2>           |P<5>           |   31.333|
A<2>           |P<6>           |   37.966|
A<2>           |P<7>           |   41.939|
A<2>           |P<8>           |   41.319|
A<2>           |P<9>           |   40.896|
A<2>           |P<10>          |   40.673|
A<2>           |P<11>          |   39.875|
A<2>           |P<12>          |   39.561|
A<2>           |P<13>          |   38.659|
A<2>           |P<14>          |   38.430|
A<2>           |P<15>          |   41.895|
A<3>           |P<1>           |   11.307|
A<3>           |P<2>           |   17.154|
A<3>           |P<3>           |   17.376|
A<3>           |P<4>           |   27.573|
A<3>           |P<5>           |   32.621|
A<3>           |P<6>           |   39.254|
A<3>           |P<7>           |   43.227|
A<3>           |P<8>           |   42.607|
A<3>           |P<9>           |   42.184|
A<3>           |P<10>          |   41.961|
A<3>           |P<11>          |   41.163|
A<3>           |P<12>          |   40.849|
A<3>           |P<13>          |   39.947|
A<3>           |P<14>          |   39.718|
A<3>           |P<15>          |   43.183|
A<4>           |P<1>           |   11.362|
A<4>           |P<2>           |   17.209|
A<4>           |P<3>           |   17.431|
A<4>           |P<4>           |   27.628|
A<4>           |P<5>           |   32.676|
A<4>           |P<6>           |   39.309|
A<4>           |P<7>           |   43.282|
A<4>           |P<8>           |   42.662|
A<4>           |P<9>           |   42.239|
A<4>           |P<10>          |   42.016|
A<4>           |P<11>          |   41.218|
A<4>           |P<12>          |   40.904|
A<4>           |P<13>          |   40.002|
A<4>           |P<14>          |   39.773|
A<4>           |P<15>          |   43.238|
A<5>           |P<1>           |   12.000|
A<5>           |P<2>           |   17.847|
A<5>           |P<3>           |   18.069|
A<5>           |P<4>           |   28.266|
A<5>           |P<5>           |   33.314|
A<5>           |P<6>           |   39.947|
A<5>           |P<7>           |   43.920|
A<5>           |P<8>           |   43.300|
A<5>           |P<9>           |   42.877|
A<5>           |P<10>          |   42.654|
A<5>           |P<11>          |   41.856|
A<5>           |P<12>          |   41.542|
A<5>           |P<13>          |   40.640|
A<5>           |P<14>          |   40.411|
A<5>           |P<15>          |   43.876|
A<6>           |P<1>           |   11.645|
A<6>           |P<2>           |   17.492|
A<6>           |P<3>           |   17.714|
A<6>           |P<4>           |   27.911|
A<6>           |P<5>           |   32.959|
A<6>           |P<6>           |   39.592|
A<6>           |P<7>           |   43.565|
A<6>           |P<8>           |   42.945|
A<6>           |P<9>           |   42.522|
A<6>           |P<10>          |   42.299|
A<6>           |P<11>          |   41.501|
A<6>           |P<12>          |   41.187|
A<6>           |P<13>          |   40.285|
A<6>           |P<14>          |   40.056|
A<6>           |P<15>          |   43.521|
A<7>           |P<1>           |   11.548|
A<7>           |P<2>           |   17.395|
A<7>           |P<3>           |   17.617|
A<7>           |P<4>           |   27.814|
A<7>           |P<5>           |   32.862|
A<7>           |P<6>           |   39.495|
A<7>           |P<7>           |   43.468|
A<7>           |P<8>           |   42.848|
A<7>           |P<9>           |   42.425|
A<7>           |P<10>          |   42.202|
A<7>           |P<11>          |   41.404|
A<7>           |P<12>          |   41.090|
A<7>           |P<13>          |   40.188|
A<7>           |P<14>          |   39.959|
A<7>           |P<15>          |   43.424|
B<0>           |P<0>           |    6.183|
B<0>           |P<1>           |   11.768|
B<0>           |P<2>           |   17.615|
B<0>           |P<3>           |   17.837|
B<0>           |P<4>           |   28.034|
B<0>           |P<5>           |   33.082|
B<0>           |P<6>           |   39.715|
B<0>           |P<7>           |   43.688|
B<0>           |P<8>           |   43.068|
B<0>           |P<9>           |   42.645|
B<0>           |P<10>          |   42.422|
B<0>           |P<11>          |   41.624|
B<0>           |P<12>          |   41.310|
B<0>           |P<13>          |   40.408|
B<0>           |P<14>          |   40.179|
B<0>           |P<15>          |   43.644|
B<1>           |P<1>           |   11.801|
B<1>           |P<2>           |   17.648|
B<1>           |P<3>           |   17.870|
B<1>           |P<4>           |   28.067|
B<1>           |P<5>           |   33.115|
B<1>           |P<6>           |   39.748|
B<1>           |P<7>           |   43.721|
B<1>           |P<8>           |   43.101|
B<1>           |P<9>           |   42.678|
B<1>           |P<10>          |   42.455|
B<1>           |P<11>          |   41.657|
B<1>           |P<12>          |   41.343|
B<1>           |P<13>          |   40.441|
B<1>           |P<14>          |   40.212|
B<1>           |P<15>          |   43.677|
B<2>           |P<2>           |   12.673|
B<2>           |P<3>           |   12.895|
B<2>           |P<4>           |   23.092|
B<2>           |P<5>           |   28.140|
B<2>           |P<6>           |   34.773|
B<2>           |P<7>           |   38.746|
B<2>           |P<8>           |   38.126|
B<2>           |P<9>           |   37.703|
B<2>           |P<10>          |   37.480|
B<2>           |P<11>          |   36.682|
B<2>           |P<12>          |   36.368|
B<2>           |P<13>          |   35.466|
B<2>           |P<14>          |   35.237|
B<2>           |P<15>          |   38.702|
B<3>           |P<4>           |   17.061|
B<3>           |P<5>           |   22.109|
B<3>           |P<6>           |   28.742|
B<3>           |P<7>           |   32.715|
B<3>           |P<8>           |   32.095|
B<3>           |P<9>           |   31.672|
B<3>           |P<10>          |   31.449|
B<3>           |P<11>          |   30.651|
B<3>           |P<12>          |   30.337|
B<3>           |P<13>          |   29.435|
B<3>           |P<14>          |   29.206|
B<3>           |P<15>          |   32.671|
B<4>           |P<4>           |   11.555|
B<4>           |P<5>           |   16.603|
B<4>           |P<6>           |   23.236|
B<4>           |P<7>           |   27.209|
B<4>           |P<8>           |   26.589|
B<4>           |P<9>           |   26.166|
B<4>           |P<10>          |   25.943|
B<4>           |P<11>          |   25.145|
B<4>           |P<12>          |   24.831|
B<4>           |P<13>          |   23.929|
B<4>           |P<14>          |   23.700|
B<4>           |P<15>          |   27.165|
B<5>           |P<5>           |   11.831|
B<5>           |P<6>           |   18.464|
B<5>           |P<7>           |   22.437|
B<5>           |P<8>           |   21.817|
B<5>           |P<9>           |   21.394|
B<5>           |P<10>          |   21.171|
B<5>           |P<11>          |   20.373|
B<5>           |P<12>          |   20.059|
B<5>           |P<13>          |   19.157|
B<5>           |P<14>          |   18.928|
B<5>           |P<15>          |   22.393|
B<6>           |P<6>           |   12.589|
B<6>           |P<7>           |   16.562|
B<6>           |P<8>           |   15.942|
B<6>           |P<9>           |   15.519|
B<6>           |P<10>          |   15.296|
B<6>           |P<11>          |   14.498|
B<6>           |P<12>          |   14.184|
B<6>           |P<13>          |   13.282|
B<6>           |P<14>          |   13.053|
B<6>           |P<15>          |   16.518|
B<7>           |P<7>           |   11.837|
B<7>           |P<8>           |   11.217|
B<7>           |P<9>           |   10.794|
B<7>           |P<10>          |   10.571|
B<7>           |P<11>          |    9.773|
B<7>           |P<12>          |    9.459|
B<7>           |P<13>          |    8.760|
B<7>           |P<14>          |    8.041|
B<7>           |P<15>          |   11.793|
---------------+---------------+---------+


Analysis completed Sun Jan 24 08:18:43 2021 
--------------------------------------------------------------------------------

Trace Settings:
-------------------------
Trace Settings 

Peak Memory Usage: 5018 MB



