--------------------------------------------------------------------------------
Release 14.7 Trace  (nt64)
Copyright (c) 1995-2013 Xilinx, Inc.  All rights reserved.

C:\Xilinx\14.7\ISE_DS\ISE\bin\nt64\unwrapped\trce.exe -intstyle ise -v 3 -s 3
-n 3 -fastpaths -xml adderSubtractor.twx adderSubtractor.ncd -o
adderSubtractor.twr adderSubtractor.pcf

Design file:              adderSubtractor.ncd
Physical constraint file: adderSubtractor.pcf
Device,package,speed:     xc7z010,clg400,C,-3 (PRELIMINARY 1.08 2013-10-13)
Report level:             verbose report

Environment Variable      Effect 
--------------------      ------ 
NONE                      No environment variables were set
--------------------------------------------------------------------------------

INFO:Timing:2698 - No timing constraints found, doing default enumeration.
INFO:Timing:3412 - To improve timing, see the Timing Closure User Guide (UG612).
INFO:Timing:2752 - To get complete path coverage, use the unconstrained paths 
   option. All paths that are not constrained will be reported in the 
   unconstrained paths section(s) of the report.
INFO:Timing:3339 - The clock-to-out numbers in this timing report are based on 
   a 50 Ohm transmission line loading model.  For the details of this model, 
   and for more information on accounting for different loading conditions, 
   please see the device datasheet.



Data Sheet report:
-----------------
All values displayed in nanoseconds (ns)

Pad to Pad
---------------+---------------+---------+
Source Pad     |Destination Pad|  Delay  |
---------------+---------------+---------+
A<0>           |S<0>           |    7.614|
A<0>           |S<1>           |    7.444|
A<0>           |S<2>           |    7.748|
A<0>           |S<3>           |    8.033|
A<0>           |S<4>           |    8.815|
A<0>           |S<5>           |    8.704|
A<0>           |S<6>           |    9.373|
A<0>           |S<7>           |    9.404|
A<0>           |S<8>           |   10.040|
A<0>           |S<9>           |    9.710|
A<0>           |S<10>          |   10.414|
A<0>           |S<11>          |   10.501|
A<0>           |S<12>          |   10.716|
A<0>           |S<13>          |   10.786|
A<0>           |S<14>          |   11.179|
A<0>           |S<15>          |   10.807|
A<0>           |S<16>          |   11.726|
A<0>           |S<17>          |   11.652|
A<0>           |S<18>          |   13.007|
A<0>           |S<19>          |   12.794|
A<0>           |S<20>          |   12.827|
A<0>           |S<21>          |   12.526|
A<0>           |S<22>          |   13.161|
A<0>           |S<23>          |   12.965|
A<0>           |S<24>          |   14.205|
A<0>           |S<25>          |   13.911|
A<0>           |S<26>          |   15.091|
A<0>           |S<27>          |   14.866|
A<0>           |S<28>          |   15.321|
A<0>           |S<29>          |   15.553|
A<0>           |S<30>          |   15.405|
A<0>           |S<31>          |   15.612|
A<0>           |co             |   16.041|
A<1>           |S<1>           |    7.561|
A<1>           |S<2>           |    7.854|
A<1>           |S<3>           |    8.139|
A<1>           |S<4>           |    8.921|
A<1>           |S<5>           |    8.810|
A<1>           |S<6>           |    9.479|
A<1>           |S<7>           |    9.510|
A<1>           |S<8>           |   10.146|
A<1>           |S<9>           |    9.816|
A<1>           |S<10>          |   10.520|
A<1>           |S<11>          |   10.607|
A<1>           |S<12>          |   10.822|
A<1>           |S<13>          |   10.892|
A<1>           |S<14>          |   11.285|
A<1>           |S<15>          |   10.913|
A<1>           |S<16>          |   11.832|
A<1>           |S<17>          |   11.758|
A<1>           |S<18>          |   13.113|
A<1>           |S<19>          |   12.900|
A<1>           |S<20>          |   12.933|
A<1>           |S<21>          |   12.632|
A<1>           |S<22>          |   13.267|
A<1>           |S<23>          |   13.071|
A<1>           |S<24>          |   14.311|
A<1>           |S<25>          |   14.017|
A<1>           |S<26>          |   15.197|
A<1>           |S<27>          |   14.972|
A<1>           |S<28>          |   15.427|
A<1>           |S<29>          |   15.659|
A<1>           |S<30>          |   15.511|
A<1>           |S<31>          |   15.718|
A<1>           |co             |   16.147|
A<2>           |S<2>           |    7.686|
A<2>           |S<3>           |    8.088|
A<2>           |S<4>           |    8.679|
A<2>           |S<5>           |    8.568|
A<2>           |S<6>           |    9.237|
A<2>           |S<7>           |    9.268|
A<2>           |S<8>           |    9.904|
A<2>           |S<9>           |    9.574|
A<2>           |S<10>          |   10.278|
A<2>           |S<11>          |   10.365|
A<2>           |S<12>          |   10.580|
A<2>           |S<13>          |   10.650|
A<2>           |S<14>          |   11.043|
A<2>           |S<15>          |   10.671|
A<2>           |S<16>          |   11.590|
A<2>           |S<17>          |   11.516|
A<2>           |S<18>          |   12.871|
A<2>           |S<19>          |   12.658|
A<2>           |S<20>          |   12.691|
A<2>           |S<21>          |   12.390|
A<2>           |S<22>          |   13.025|
A<2>           |S<23>          |   12.829|
A<2>           |S<24>          |   14.069|
A<2>           |S<25>          |   13.775|
A<2>           |S<26>          |   14.955|
A<2>           |S<27>          |   14.730|
A<2>           |S<28>          |   15.185|
A<2>           |S<29>          |   15.417|
A<2>           |S<30>          |   15.269|
A<2>           |S<31>          |   15.476|
A<2>           |co             |   15.905|
A<3>           |S<3>           |    8.193|
A<3>           |S<4>           |    8.419|
A<3>           |S<5>           |    8.308|
A<3>           |S<6>           |    8.977|
A<3>           |S<7>           |    9.008|
A<3>           |S<8>           |    9.644|
A<3>           |S<9>           |    9.314|
A<3>           |S<10>          |   10.018|
A<3>           |S<11>          |   10.105|
A<3>           |S<12>          |   10.320|
A<3>           |S<13>          |   10.390|
A<3>           |S<14>          |   10.783|
A<3>           |S<15>          |   10.411|
A<3>           |S<16>          |   11.330|
A<3>           |S<17>          |   11.256|
A<3>           |S<18>          |   12.611|
A<3>           |S<19>          |   12.398|
A<3>           |S<20>          |   12.431|
A<3>           |S<21>          |   12.130|
A<3>           |S<22>          |   12.765|
A<3>           |S<23>          |   12.569|
A<3>           |S<24>          |   13.809|
A<3>           |S<25>          |   13.515|
A<3>           |S<26>          |   14.695|
A<3>           |S<27>          |   14.470|
A<3>           |S<28>          |   14.925|
A<3>           |S<29>          |   15.157|
A<3>           |S<30>          |   15.009|
A<3>           |S<31>          |   15.216|
A<3>           |co             |   15.645|
A<4>           |S<4>           |    8.132|
A<4>           |S<5>           |    7.968|
A<4>           |S<6>           |    8.312|
A<4>           |S<7>           |    8.343|
A<4>           |S<8>           |    8.979|
A<4>           |S<9>           |    8.649|
A<4>           |S<10>          |    9.353|
A<4>           |S<11>          |    9.440|
A<4>           |S<12>          |    9.655|
A<4>           |S<13>          |    9.725|
A<4>           |S<14>          |   10.118|
A<4>           |S<15>          |    9.746|
A<4>           |S<16>          |   10.665|
A<4>           |S<17>          |   10.591|
A<4>           |S<18>          |   11.946|
A<4>           |S<19>          |   11.733|
A<4>           |S<20>          |   11.766|
A<4>           |S<21>          |   11.465|
A<4>           |S<22>          |   12.100|
A<4>           |S<23>          |   11.904|
A<4>           |S<24>          |   13.144|
A<4>           |S<25>          |   12.850|
A<4>           |S<26>          |   14.030|
A<4>           |S<27>          |   13.805|
A<4>           |S<28>          |   14.260|
A<4>           |S<29>          |   14.492|
A<4>           |S<30>          |   14.344|
A<4>           |S<31>          |   14.551|
A<4>           |co             |   14.980|
A<5>           |S<5>           |    7.409|
A<5>           |S<6>           |    8.248|
A<5>           |S<7>           |    8.279|
A<5>           |S<8>           |    8.915|
A<5>           |S<9>           |    8.585|
A<5>           |S<10>          |    9.289|
A<5>           |S<11>          |    9.376|
A<5>           |S<12>          |    9.591|
A<5>           |S<13>          |    9.661|
A<5>           |S<14>          |   10.054|
A<5>           |S<15>          |    9.682|
A<5>           |S<16>          |   10.601|
A<5>           |S<17>          |   10.527|
A<5>           |S<18>          |   11.882|
A<5>           |S<19>          |   11.669|
A<5>           |S<20>          |   11.702|
A<5>           |S<21>          |   11.401|
A<5>           |S<22>          |   12.036|
A<5>           |S<23>          |   11.840|
A<5>           |S<24>          |   13.080|
A<5>           |S<25>          |   12.786|
A<5>           |S<26>          |   13.966|
A<5>           |S<27>          |   13.741|
A<5>           |S<28>          |   14.196|
A<5>           |S<29>          |   14.428|
A<5>           |S<30>          |   14.280|
A<5>           |S<31>          |   14.487|
A<5>           |co             |   14.916|
A<6>           |S<6>           |    7.460|
A<6>           |S<7>           |    8.169|
A<6>           |S<8>           |    8.216|
A<6>           |S<9>           |    7.886|
A<6>           |S<10>          |    8.590|
A<6>           |S<11>          |    8.677|
A<6>           |S<12>          |    8.892|
A<6>           |S<13>          |    8.962|
A<6>           |S<14>          |    9.355|
A<6>           |S<15>          |    8.983|
A<6>           |S<16>          |    9.902|
A<6>           |S<17>          |    9.828|
A<6>           |S<18>          |   11.183|
A<6>           |S<19>          |   10.970|
A<6>           |S<20>          |   11.003|
A<6>           |S<21>          |   10.702|
A<6>           |S<22>          |   11.337|
A<6>           |S<23>          |   11.141|
A<6>           |S<24>          |   12.381|
A<6>           |S<25>          |   12.087|
A<6>           |S<26>          |   13.267|
A<6>           |S<27>          |   13.042|
A<6>           |S<28>          |   13.497|
A<6>           |S<29>          |   13.729|
A<6>           |S<30>          |   13.581|
A<6>           |S<31>          |   13.788|
A<6>           |co             |   14.217|
A<7>           |S<7>           |    8.120|
A<7>           |S<8>           |    8.413|
A<7>           |S<9>           |    8.083|
A<7>           |S<10>          |    8.787|
A<7>           |S<11>          |    8.874|
A<7>           |S<12>          |    9.089|
A<7>           |S<13>          |    9.159|
A<7>           |S<14>          |    9.552|
A<7>           |S<15>          |    9.180|
A<7>           |S<16>          |   10.099|
A<7>           |S<17>          |   10.025|
A<7>           |S<18>          |   11.380|
A<7>           |S<19>          |   11.167|
A<7>           |S<20>          |   11.200|
A<7>           |S<21>          |   10.899|
A<7>           |S<22>          |   11.534|
A<7>           |S<23>          |   11.338|
A<7>           |S<24>          |   12.578|
A<7>           |S<25>          |   12.284|
A<7>           |S<26>          |   13.464|
A<7>           |S<27>          |   13.239|
A<7>           |S<28>          |   13.694|
A<7>           |S<29>          |   13.926|
A<7>           |S<30>          |   13.778|
A<7>           |S<31>          |   13.985|
A<7>           |co             |   14.414|
A<8>           |S<8>           |    7.498|
A<8>           |S<9>           |    7.923|
A<8>           |S<10>          |    7.950|
A<8>           |S<11>          |    8.037|
A<8>           |S<12>          |    8.252|
A<8>           |S<13>          |    8.322|
A<8>           |S<14>          |    8.715|
A<8>           |S<15>          |    8.343|
A<8>           |S<16>          |    9.262|
A<8>           |S<17>          |    9.188|
A<8>           |S<18>          |   10.543|
A<8>           |S<19>          |   10.330|
A<8>           |S<20>          |   10.363|
A<8>           |S<21>          |   10.062|
A<8>           |S<22>          |   10.697|
A<8>           |S<23>          |   10.501|
A<8>           |S<24>          |   11.741|
A<8>           |S<25>          |   11.447|
A<8>           |S<26>          |   12.627|
A<8>           |S<27>          |   12.402|
A<8>           |S<28>          |   12.857|
A<8>           |S<29>          |   13.089|
A<8>           |S<30>          |   12.941|
A<8>           |S<31>          |   13.148|
A<8>           |co             |   13.577|
A<9>           |S<9>           |    7.659|
A<9>           |S<10>          |    8.440|
A<9>           |S<11>          |    8.527|
A<9>           |S<12>          |    8.742|
A<9>           |S<13>          |    8.812|
A<9>           |S<14>          |    9.205|
A<9>           |S<15>          |    8.833|
A<9>           |S<16>          |    9.752|
A<9>           |S<17>          |    9.678|
A<9>           |S<18>          |   11.033|
A<9>           |S<19>          |   10.820|
A<9>           |S<20>          |   10.853|
A<9>           |S<21>          |   10.552|
A<9>           |S<22>          |   11.187|
A<9>           |S<23>          |   10.991|
A<9>           |S<24>          |   12.231|
A<9>           |S<25>          |   11.937|
A<9>           |S<26>          |   13.117|
A<9>           |S<27>          |   12.892|
A<9>           |S<28>          |   13.347|
A<9>           |S<29>          |   13.579|
A<9>           |S<30>          |   13.431|
A<9>           |S<31>          |   13.638|
A<9>           |co             |   14.067|
A<10>          |S<10>          |    7.513|
A<10>          |S<11>          |    7.948|
A<10>          |S<12>          |    7.910|
A<10>          |S<13>          |    7.980|
A<10>          |S<14>          |    8.373|
A<10>          |S<15>          |    8.001|
A<10>          |S<16>          |    8.920|
A<10>          |S<17>          |    8.846|
A<10>          |S<18>          |   10.201|
A<10>          |S<19>          |    9.988|
A<10>          |S<20>          |   10.021|
A<10>          |S<21>          |    9.720|
A<10>          |S<22>          |   10.355|
A<10>          |S<23>          |   10.159|
A<10>          |S<24>          |   11.399|
A<10>          |S<25>          |   11.105|
A<10>          |S<26>          |   12.285|
A<10>          |S<27>          |   12.060|
A<10>          |S<28>          |   12.515|
A<10>          |S<29>          |   12.747|
A<10>          |S<30>          |   12.599|
A<10>          |S<31>          |   12.806|
A<10>          |co             |   13.235|
A<11>          |S<11>          |    8.009|
A<11>          |S<12>          |    8.006|
A<11>          |S<13>          |    8.076|
A<11>          |S<14>          |    8.469|
A<11>          |S<15>          |    8.097|
A<11>          |S<16>          |    9.016|
A<11>          |S<17>          |    8.942|
A<11>          |S<18>          |   10.297|
A<11>          |S<19>          |   10.084|
A<11>          |S<20>          |   10.117|
A<11>          |S<21>          |    9.816|
A<11>          |S<22>          |   10.451|
A<11>          |S<23>          |   10.255|
A<11>          |S<24>          |   11.495|
A<11>          |S<25>          |   11.201|
A<11>          |S<26>          |   12.381|
A<11>          |S<27>          |   12.156|
A<11>          |S<28>          |   12.611|
A<11>          |S<29>          |   12.843|
A<11>          |S<30>          |   12.695|
A<11>          |S<31>          |   12.902|
A<11>          |co             |   13.331|
A<12>          |S<12>          |    7.422|
A<12>          |S<13>          |    7.614|
A<12>          |S<14>          |    8.154|
A<12>          |S<15>          |    7.782|
A<12>          |S<16>          |    8.701|
A<12>          |S<17>          |    8.627|
A<12>          |S<18>          |    9.982|
A<12>          |S<19>          |    9.769|
A<12>          |S<20>          |    9.802|
A<12>          |S<21>          |    9.501|
A<12>          |S<22>          |   10.136|
A<12>          |S<23>          |    9.940|
A<12>          |S<24>          |   11.180|
A<12>          |S<25>          |   10.886|
A<12>          |S<26>          |   12.066|
A<12>          |S<27>          |   11.841|
A<12>          |S<28>          |   12.296|
A<12>          |S<29>          |   12.528|
A<12>          |S<30>          |   12.380|
A<12>          |S<31>          |   12.587|
A<12>          |co             |   13.016|
A<13>          |S<13>          |    7.582|
A<13>          |S<14>          |    7.668|
A<13>          |S<15>          |    7.296|
A<13>          |S<16>          |    8.215|
A<13>          |S<17>          |    8.141|
A<13>          |S<18>          |    9.496|
A<13>          |S<19>          |    9.283|
A<13>          |S<20>          |    9.316|
A<13>          |S<21>          |    9.015|
A<13>          |S<22>          |    9.650|
A<13>          |S<23>          |    9.454|
A<13>          |S<24>          |   10.694|
A<13>          |S<25>          |   10.400|
A<13>          |S<26>          |   11.580|
A<13>          |S<27>          |   11.355|
A<13>          |S<28>          |   11.810|
A<13>          |S<29>          |   12.042|
A<13>          |S<30>          |   11.894|
A<13>          |S<31>          |   12.101|
A<13>          |co             |   12.530|
A<14>          |S<14>          |    7.073|
A<14>          |S<15>          |    7.294|
A<14>          |S<16>          |    8.173|
A<14>          |S<17>          |    8.099|
A<14>          |S<18>          |    9.454|
A<14>          |S<19>          |    9.241|
A<14>          |S<20>          |    9.274|
A<14>          |S<21>          |    8.973|
A<14>          |S<22>          |    9.608|
A<14>          |S<23>          |    9.412|
A<14>          |S<24>          |   10.652|
A<14>          |S<25>          |   10.358|
A<14>          |S<26>          |   11.538|
A<14>          |S<27>          |   11.313|
A<14>          |S<28>          |   11.768|
A<14>          |S<29>          |   12.000|
A<14>          |S<30>          |   11.852|
A<14>          |S<31>          |   12.059|
A<14>          |co             |   12.488|
A<15>          |S<15>          |    7.195|
A<15>          |S<16>          |    8.243|
A<15>          |S<17>          |    8.169|
A<15>          |S<18>          |    9.524|
A<15>          |S<19>          |    9.311|
A<15>          |S<20>          |    9.344|
A<15>          |S<21>          |    9.043|
A<15>          |S<22>          |    9.678|
A<15>          |S<23>          |    9.482|
A<15>          |S<24>          |   10.722|
A<15>          |S<25>          |   10.428|
A<15>          |S<26>          |   11.608|
A<15>          |S<27>          |   11.383|
A<15>          |S<28>          |   11.838|
A<15>          |S<29>          |   12.070|
A<15>          |S<30>          |   11.922|
A<15>          |S<31>          |   12.129|
A<15>          |co             |   12.558|
A<16>          |S<16>          |    7.475|
A<16>          |S<17>          |    7.571|
A<16>          |S<18>          |    8.440|
A<16>          |S<19>          |    8.227|
A<16>          |S<20>          |    8.260|
A<16>          |S<21>          |    7.959|
A<16>          |S<22>          |    8.594|
A<16>          |S<23>          |    8.398|
A<16>          |S<24>          |    9.638|
A<16>          |S<25>          |    9.344|
A<16>          |S<26>          |   10.524|
A<16>          |S<27>          |   10.299|
A<16>          |S<28>          |   10.754|
A<16>          |S<29>          |   10.986|
A<16>          |S<30>          |   10.838|
A<16>          |S<31>          |   11.045|
A<16>          |co             |   11.474|
A<17>          |S<17>          |    6.984|
A<17>          |S<18>          |    8.514|
A<17>          |S<19>          |    8.301|
A<17>          |S<20>          |    8.334|
A<17>          |S<21>          |    8.033|
A<17>          |S<22>          |    8.668|
A<17>          |S<23>          |    8.472|
A<17>          |S<24>          |    9.712|
A<17>          |S<25>          |    9.418|
A<17>          |S<26>          |   10.598|
A<17>          |S<27>          |   10.373|
A<17>          |S<28>          |   10.828|
A<17>          |S<29>          |   11.060|
A<17>          |S<30>          |   10.912|
A<17>          |S<31>          |   11.119|
A<17>          |co             |   11.548|
A<18>          |S<18>          |    7.676|
A<18>          |S<19>          |    7.915|
A<18>          |S<20>          |    7.850|
A<18>          |S<21>          |    7.549|
A<18>          |S<22>          |    8.184|
A<18>          |S<23>          |    7.988|
A<18>          |S<24>          |    9.228|
A<18>          |S<25>          |    8.934|
A<18>          |S<26>          |   10.114|
A<18>          |S<27>          |    9.889|
A<18>          |S<28>          |   10.344|
A<18>          |S<29>          |   10.576|
A<18>          |S<30>          |   10.428|
A<18>          |S<31>          |   10.635|
A<18>          |co             |   11.064|
A<19>          |S<19>          |    7.665|
A<19>          |S<20>          |    7.953|
A<19>          |S<21>          |    7.652|
A<19>          |S<22>          |    8.287|
A<19>          |S<23>          |    8.091|
A<19>          |S<24>          |    9.331|
A<19>          |S<25>          |    9.037|
A<19>          |S<26>          |   10.217|
A<19>          |S<27>          |    9.992|
A<19>          |S<28>          |   10.447|
A<19>          |S<29>          |   10.679|
A<19>          |S<30>          |   10.531|
A<19>          |S<31>          |   10.738|
A<19>          |co             |   11.167|
A<20>          |S<20>          |    7.689|
A<20>          |S<21>          |    7.483|
A<20>          |S<22>          |    7.529|
A<20>          |S<23>          |    7.333|
A<20>          |S<24>          |    8.573|
A<20>          |S<25>          |    8.279|
A<20>          |S<26>          |    9.459|
A<20>          |S<27>          |    9.234|
A<20>          |S<28>          |    9.689|
A<20>          |S<29>          |    9.921|
A<20>          |S<30>          |    9.773|
A<20>          |S<31>          |    9.980|
A<20>          |co             |   10.409|
A<21>          |S<21>          |    7.355|
A<21>          |S<22>          |    7.743|
A<21>          |S<23>          |    7.547|
A<21>          |S<24>          |    8.787|
A<21>          |S<25>          |    8.493|
A<21>          |S<26>          |    9.673|
A<21>          |S<27>          |    9.448|
A<21>          |S<28>          |    9.903|
A<21>          |S<29>          |   10.135|
A<21>          |S<30>          |    9.987|
A<21>          |S<31>          |   10.194|
A<21>          |co             |   10.623|
A<22>          |S<22>          |    7.313|
A<22>          |S<23>          |    7.457|
A<22>          |S<24>          |    8.099|
A<22>          |S<25>          |    7.805|
A<22>          |S<26>          |    8.985|
A<22>          |S<27>          |    8.760|
A<22>          |S<28>          |    9.215|
A<22>          |S<29>          |    9.447|
A<22>          |S<30>          |    9.299|
A<22>          |S<31>          |    9.506|
A<22>          |co             |    9.935|
A<23>          |S<23>          |    7.170|
A<23>          |S<24>          |    8.558|
A<23>          |S<25>          |    8.264|
A<23>          |S<26>          |    9.444|
A<23>          |S<27>          |    9.219|
A<23>          |S<28>          |    9.674|
A<23>          |S<29>          |    9.906|
A<23>          |S<30>          |    9.758|
A<23>          |S<31>          |    9.965|
A<23>          |co             |   10.394|
A<24>          |S<24>          |    7.458|
A<24>          |S<25>          |    7.562|
A<24>          |S<26>          |    8.161|
A<24>          |S<27>          |    7.936|
A<24>          |S<28>          |    8.391|
A<24>          |S<29>          |    8.623|
A<24>          |S<30>          |    8.475|
A<24>          |S<31>          |    8.682|
A<24>          |co             |    9.111|
A<25>          |S<25>          |    7.084|
A<25>          |S<26>          |    8.534|
A<25>          |S<27>          |    8.309|
A<25>          |S<28>          |    8.764|
A<25>          |S<29>          |    8.996|
A<25>          |S<30>          |    8.848|
A<25>          |S<31>          |    9.055|
A<25>          |co             |    9.484|
A<26>          |S<26>          |    7.910|
A<26>          |S<27>          |    7.930|
A<26>          |S<28>          |    8.400|
A<26>          |S<29>          |    8.632|
A<26>          |S<30>          |    8.484|
A<26>          |S<31>          |    8.691|
A<26>          |co             |    9.120|
A<27>          |S<27>          |    8.102|
A<27>          |S<28>          |    7.879|
A<27>          |S<29>          |    8.111|
A<27>          |S<30>          |    7.963|
A<27>          |S<31>          |    8.170|
A<27>          |co             |    8.599|
A<28>          |S<28>          |    7.689|
A<28>          |S<29>          |    7.911|
A<28>          |S<30>          |    7.812|
A<28>          |S<31>          |    8.019|
A<28>          |co             |    8.448|
A<29>          |S<29>          |    7.521|
A<29>          |S<30>          |    7.253|
A<29>          |S<31>          |    7.460|
A<29>          |co             |    7.889|
A<30>          |S<30>          |    7.514|
A<30>          |S<31>          |    7.310|
A<30>          |co             |    7.940|
A<31>          |S<31>          |    7.629|
A<31>          |co             |    7.475|
B<0>           |S<0>           |    7.036|
B<0>           |S<1>           |    7.083|
B<0>           |S<2>           |    7.389|
B<0>           |S<3>           |    7.674|
B<0>           |S<4>           |    8.456|
B<0>           |S<5>           |    8.345|
B<0>           |S<6>           |    9.014|
B<0>           |S<7>           |    9.045|
B<0>           |S<8>           |    9.681|
B<0>           |S<9>           |    9.351|
B<0>           |S<10>          |   10.055|
B<0>           |S<11>          |   10.142|
B<0>           |S<12>          |   10.357|
B<0>           |S<13>          |   10.427|
B<0>           |S<14>          |   10.820|
B<0>           |S<15>          |   10.448|
B<0>           |S<16>          |   11.367|
B<0>           |S<17>          |   11.293|
B<0>           |S<18>          |   12.648|
B<0>           |S<19>          |   12.435|
B<0>           |S<20>          |   12.468|
B<0>           |S<21>          |   12.167|
B<0>           |S<22>          |   12.802|
B<0>           |S<23>          |   12.606|
B<0>           |S<24>          |   13.846|
B<0>           |S<25>          |   13.552|
B<0>           |S<26>          |   14.732|
B<0>           |S<27>          |   14.507|
B<0>           |S<28>          |   14.962|
B<0>           |S<29>          |   15.194|
B<0>           |S<30>          |   15.046|
B<0>           |S<31>          |   15.253|
B<0>           |co             |   15.682|
B<1>           |S<1>           |    7.179|
B<1>           |S<2>           |    7.487|
B<1>           |S<3>           |    7.772|
B<1>           |S<4>           |    8.554|
B<1>           |S<5>           |    8.443|
B<1>           |S<6>           |    9.112|
B<1>           |S<7>           |    9.143|
B<1>           |S<8>           |    9.779|
B<1>           |S<9>           |    9.449|
B<1>           |S<10>          |   10.153|
B<1>           |S<11>          |   10.240|
B<1>           |S<12>          |   10.455|
B<1>           |S<13>          |   10.525|
B<1>           |S<14>          |   10.918|
B<1>           |S<15>          |   10.546|
B<1>           |S<16>          |   11.465|
B<1>           |S<17>          |   11.391|
B<1>           |S<18>          |   12.746|
B<1>           |S<19>          |   12.533|
B<1>           |S<20>          |   12.566|
B<1>           |S<21>          |   12.265|
B<1>           |S<22>          |   12.900|
B<1>           |S<23>          |   12.704|
B<1>           |S<24>          |   13.944|
B<1>           |S<25>          |   13.650|
B<1>           |S<26>          |   14.830|
B<1>           |S<27>          |   14.605|
B<1>           |S<28>          |   15.060|
B<1>           |S<29>          |   15.292|
B<1>           |S<30>          |   15.144|
B<1>           |S<31>          |   15.351|
B<1>           |co             |   15.780|
B<2>           |S<2>           |    7.028|
B<2>           |S<3>           |    7.316|
B<2>           |S<4>           |    8.171|
B<2>           |S<5>           |    8.060|
B<2>           |S<6>           |    8.729|
B<2>           |S<7>           |    8.760|
B<2>           |S<8>           |    9.396|
B<2>           |S<9>           |    9.066|
B<2>           |S<10>          |    9.770|
B<2>           |S<11>          |    9.857|
B<2>           |S<12>          |   10.072|
B<2>           |S<13>          |   10.142|
B<2>           |S<14>          |   10.535|
B<2>           |S<15>          |   10.163|
B<2>           |S<16>          |   11.082|
B<2>           |S<17>          |   11.008|
B<2>           |S<18>          |   12.363|
B<2>           |S<19>          |   12.150|
B<2>           |S<20>          |   12.183|
B<2>           |S<21>          |   11.882|
B<2>           |S<22>          |   12.517|
B<2>           |S<23>          |   12.321|
B<2>           |S<24>          |   13.561|
B<2>           |S<25>          |   13.267|
B<2>           |S<26>          |   14.447|
B<2>           |S<27>          |   14.222|
B<2>           |S<28>          |   14.677|
B<2>           |S<29>          |   14.909|
B<2>           |S<30>          |   14.761|
B<2>           |S<31>          |   14.968|
B<2>           |co             |   15.397|
B<3>           |S<3>           |    7.475|
B<3>           |S<4>           |    7.733|
B<3>           |S<5>           |    7.622|
B<3>           |S<6>           |    8.291|
B<3>           |S<7>           |    8.322|
B<3>           |S<8>           |    8.958|
B<3>           |S<9>           |    8.628|
B<3>           |S<10>          |    9.332|
B<3>           |S<11>          |    9.419|
B<3>           |S<12>          |    9.634|
B<3>           |S<13>          |    9.704|
B<3>           |S<14>          |   10.097|
B<3>           |S<15>          |    9.725|
B<3>           |S<16>          |   10.644|
B<3>           |S<17>          |   10.570|
B<3>           |S<18>          |   11.925|
B<3>           |S<19>          |   11.712|
B<3>           |S<20>          |   11.745|
B<3>           |S<21>          |   11.444|
B<3>           |S<22>          |   12.079|
B<3>           |S<23>          |   11.883|
B<3>           |S<24>          |   13.123|
B<3>           |S<25>          |   12.829|
B<3>           |S<26>          |   14.009|
B<3>           |S<27>          |   13.784|
B<3>           |S<28>          |   14.239|
B<3>           |S<29>          |   14.471|
B<3>           |S<30>          |   14.323|
B<3>           |S<31>          |   14.530|
B<3>           |co             |   14.959|
B<4>           |S<4>           |    7.253|
B<4>           |S<5>           |    7.304|
B<4>           |S<6>           |    7.717|
B<4>           |S<7>           |    7.748|
B<4>           |S<8>           |    8.384|
B<4>           |S<9>           |    8.054|
B<4>           |S<10>          |    8.758|
B<4>           |S<11>          |    8.845|
B<4>           |S<12>          |    9.060|
B<4>           |S<13>          |    9.130|
B<4>           |S<14>          |    9.523|
B<4>           |S<15>          |    9.151|
B<4>           |S<16>          |   10.070|
B<4>           |S<17>          |    9.996|
B<4>           |S<18>          |   11.351|
B<4>           |S<19>          |   11.138|
B<4>           |S<20>          |   11.171|
B<4>           |S<21>          |   10.870|
B<4>           |S<22>          |   11.505|
B<4>           |S<23>          |   11.309|
B<4>           |S<24>          |   12.549|
B<4>           |S<25>          |   12.255|
B<4>           |S<26>          |   13.435|
B<4>           |S<27>          |   13.210|
B<4>           |S<28>          |   13.665|
B<4>           |S<29>          |   13.897|
B<4>           |S<30>          |   13.749|
B<4>           |S<31>          |   13.956|
B<4>           |co             |   14.385|
B<5>           |S<5>           |    7.492|
B<5>           |S<6>           |    8.153|
B<5>           |S<7>           |    8.184|
B<5>           |S<8>           |    8.820|
B<5>           |S<9>           |    8.490|
B<5>           |S<10>          |    9.194|
B<5>           |S<11>          |    9.281|
B<5>           |S<12>          |    9.496|
B<5>           |S<13>          |    9.566|
B<5>           |S<14>          |    9.959|
B<5>           |S<15>          |    9.587|
B<5>           |S<16>          |   10.506|
B<5>           |S<17>          |   10.432|
B<5>           |S<18>          |   11.787|
B<5>           |S<19>          |   11.574|
B<5>           |S<20>          |   11.607|
B<5>           |S<21>          |   11.306|
B<5>           |S<22>          |   11.941|
B<5>           |S<23>          |   11.745|
B<5>           |S<24>          |   12.985|
B<5>           |S<25>          |   12.691|
B<5>           |S<26>          |   13.871|
B<5>           |S<27>          |   13.646|
B<5>           |S<28>          |   14.101|
B<5>           |S<29>          |   14.333|
B<5>           |S<30>          |   14.185|
B<5>           |S<31>          |   14.392|
B<5>           |co             |   14.821|
B<6>           |S<6>           |    7.083|
B<6>           |S<7>           |    7.789|
B<6>           |S<8>           |    8.095|
B<6>           |S<9>           |    7.765|
B<6>           |S<10>          |    8.469|
B<6>           |S<11>          |    8.556|
B<6>           |S<12>          |    8.771|
B<6>           |S<13>          |    8.841|
B<6>           |S<14>          |    9.234|
B<6>           |S<15>          |    8.862|
B<6>           |S<16>          |    9.781|
B<6>           |S<17>          |    9.707|
B<6>           |S<18>          |   11.062|
B<6>           |S<19>          |   10.849|
B<6>           |S<20>          |   10.882|
B<6>           |S<21>          |   10.581|
B<6>           |S<22>          |   11.216|
B<6>           |S<23>          |   11.020|
B<6>           |S<24>          |   12.260|
B<6>           |S<25>          |   11.966|
B<6>           |S<26>          |   13.146|
B<6>           |S<27>          |   12.921|
B<6>           |S<28>          |   13.376|
B<6>           |S<29>          |   13.608|
B<6>           |S<30>          |   13.460|
B<6>           |S<31>          |   13.667|
B<6>           |co             |   14.096|
B<7>           |S<7>           |    7.394|
B<7>           |S<8>           |    8.130|
B<7>           |S<9>           |    7.800|
B<7>           |S<10>          |    8.504|
B<7>           |S<11>          |    8.591|
B<7>           |S<12>          |    8.806|
B<7>           |S<13>          |    8.876|
B<7>           |S<14>          |    9.269|
B<7>           |S<15>          |    8.897|
B<7>           |S<16>          |    9.816|
B<7>           |S<17>          |    9.742|
B<7>           |S<18>          |   11.097|
B<7>           |S<19>          |   10.884|
B<7>           |S<20>          |   10.917|
B<7>           |S<21>          |   10.616|
B<7>           |S<22>          |   11.251|
B<7>           |S<23>          |   11.055|
B<7>           |S<24>          |   12.295|
B<7>           |S<25>          |   12.001|
B<7>           |S<26>          |   13.181|
B<7>           |S<27>          |   12.956|
B<7>           |S<28>          |   13.411|
B<7>           |S<29>          |   13.643|
B<7>           |S<30>          |   13.495|
B<7>           |S<31>          |   13.702|
B<7>           |co             |   14.131|
B<8>           |S<8>           |    7.149|
B<8>           |S<9>           |    7.414|
B<8>           |S<10>          |    7.903|
B<8>           |S<11>          |    7.990|
B<8>           |S<12>          |    8.205|
B<8>           |S<13>          |    8.275|
B<8>           |S<14>          |    8.668|
B<8>           |S<15>          |    8.296|
B<8>           |S<16>          |    9.215|
B<8>           |S<17>          |    9.141|
B<8>           |S<18>          |   10.496|
B<8>           |S<19>          |   10.283|
B<8>           |S<20>          |   10.316|
B<8>           |S<21>          |   10.015|
B<8>           |S<22>          |   10.650|
B<8>           |S<23>          |   10.454|
B<8>           |S<24>          |   11.694|
B<8>           |S<25>          |   11.400|
B<8>           |S<26>          |   12.580|
B<8>           |S<27>          |   12.355|
B<8>           |S<28>          |   12.810|
B<8>           |S<29>          |   13.042|
B<8>           |S<30>          |   12.894|
B<8>           |S<31>          |   13.101|
B<8>           |co             |   13.530|
B<9>           |S<9>           |    7.085|
B<9>           |S<10>          |    7.767|
B<9>           |S<11>          |    7.854|
B<9>           |S<12>          |    8.069|
B<9>           |S<13>          |    8.139|
B<9>           |S<14>          |    8.532|
B<9>           |S<15>          |    8.160|
B<9>           |S<16>          |    9.079|
B<9>           |S<17>          |    9.005|
B<9>           |S<18>          |   10.360|
B<9>           |S<19>          |   10.147|
B<9>           |S<20>          |   10.180|
B<9>           |S<21>          |    9.879|
B<9>           |S<22>          |   10.514|
B<9>           |S<23>          |   10.318|
B<9>           |S<24>          |   11.558|
B<9>           |S<25>          |   11.264|
B<9>           |S<26>          |   12.444|
B<9>           |S<27>          |   12.219|
B<9>           |S<28>          |   12.674|
B<9>           |S<29>          |   12.906|
B<9>           |S<30>          |   12.758|
B<9>           |S<31>          |   12.965|
B<9>           |co             |   13.394|
B<10>          |S<10>          |    7.092|
B<10>          |S<11>          |    7.895|
B<10>          |S<12>          |    7.396|
B<10>          |S<13>          |    7.466|
B<10>          |S<14>          |    7.859|
B<10>          |S<15>          |    7.487|
B<10>          |S<16>          |    8.406|
B<10>          |S<17>          |    8.332|
B<10>          |S<18>          |    9.687|
B<10>          |S<19>          |    9.474|
B<10>          |S<20>          |    9.507|
B<10>          |S<21>          |    9.206|
B<10>          |S<22>          |    9.841|
B<10>          |S<23>          |    9.645|
B<10>          |S<24>          |   10.885|
B<10>          |S<25>          |   10.591|
B<10>          |S<26>          |   11.771|
B<10>          |S<27>          |   11.546|
B<10>          |S<28>          |   12.001|
B<10>          |S<29>          |   12.233|
B<10>          |S<30>          |   12.085|
B<10>          |S<31>          |   12.292|
B<10>          |co             |   12.721|
B<11>          |S<11>          |    7.435|
B<11>          |S<12>          |    7.750|
B<11>          |S<13>          |    7.820|
B<11>          |S<14>          |    8.213|
B<11>          |S<15>          |    7.841|
B<11>          |S<16>          |    8.760|
B<11>          |S<17>          |    8.686|
B<11>          |S<18>          |   10.041|
B<11>          |S<19>          |    9.828|
B<11>          |S<20>          |    9.861|
B<11>          |S<21>          |    9.560|
B<11>          |S<22>          |   10.195|
B<11>          |S<23>          |    9.999|
B<11>          |S<24>          |   11.239|
B<11>          |S<25>          |   10.945|
B<11>          |S<26>          |   12.125|
B<11>          |S<27>          |   11.900|
B<11>          |S<28>          |   12.355|
B<11>          |S<29>          |   12.587|
B<11>          |S<30>          |   12.439|
B<11>          |S<31>          |   12.646|
B<11>          |co             |   13.075|
B<12>          |S<12>          |    6.703|
B<12>          |S<13>          |    6.896|
B<12>          |S<14>          |    7.671|
B<12>          |S<15>          |    7.299|
B<12>          |S<16>          |    8.218|
B<12>          |S<17>          |    8.144|
B<12>          |S<18>          |    9.499|
B<12>          |S<19>          |    9.286|
B<12>          |S<20>          |    9.319|
B<12>          |S<21>          |    9.018|
B<12>          |S<22>          |    9.653|
B<12>          |S<23>          |    9.457|
B<12>          |S<24>          |   10.697|
B<12>          |S<25>          |   10.403|
B<12>          |S<26>          |   11.583|
B<12>          |S<27>          |   11.358|
B<12>          |S<28>          |   11.813|
B<12>          |S<29>          |   12.045|
B<12>          |S<30>          |   11.897|
B<12>          |S<31>          |   12.104|
B<12>          |co             |   12.533|
B<13>          |S<13>          |    7.034|
B<13>          |S<14>          |    7.808|
B<13>          |S<15>          |    7.436|
B<13>          |S<16>          |    8.355|
B<13>          |S<17>          |    8.281|
B<13>          |S<18>          |    9.636|
B<13>          |S<19>          |    9.423|
B<13>          |S<20>          |    9.456|
B<13>          |S<21>          |    9.155|
B<13>          |S<22>          |    9.790|
B<13>          |S<23>          |    9.594|
B<13>          |S<24>          |   10.834|
B<13>          |S<25>          |   10.540|
B<13>          |S<26>          |   11.720|
B<13>          |S<27>          |   11.495|
B<13>          |S<28>          |   11.950|
B<13>          |S<29>          |   12.182|
B<13>          |S<30>          |   12.034|
B<13>          |S<31>          |   12.241|
B<13>          |co             |   12.670|
B<14>          |S<14>          |    6.858|
B<14>          |S<15>          |    6.803|
B<14>          |S<16>          |    7.605|
B<14>          |S<17>          |    7.531|
B<14>          |S<18>          |    8.886|
B<14>          |S<19>          |    8.673|
B<14>          |S<20>          |    8.706|
B<14>          |S<21>          |    8.405|
B<14>          |S<22>          |    9.040|
B<14>          |S<23>          |    8.844|
B<14>          |S<24>          |   10.084|
B<14>          |S<25>          |    9.790|
B<14>          |S<26>          |   10.970|
B<14>          |S<27>          |   10.745|
B<14>          |S<28>          |   11.200|
B<14>          |S<29>          |   11.432|
B<14>          |S<30>          |   11.284|
B<14>          |S<31>          |   11.491|
B<14>          |co             |   11.920|
B<15>          |S<15>          |    6.901|
B<15>          |S<16>          |    7.424|
B<15>          |S<17>          |    7.350|
B<15>          |S<18>          |    8.705|
B<15>          |S<19>          |    8.492|
B<15>          |S<20>          |    8.525|
B<15>          |S<21>          |    8.224|
B<15>          |S<22>          |    8.859|
B<15>          |S<23>          |    8.663|
B<15>          |S<24>          |    9.903|
B<15>          |S<25>          |    9.609|
B<15>          |S<26>          |   10.789|
B<15>          |S<27>          |   10.564|
B<15>          |S<28>          |   11.019|
B<15>          |S<29>          |   11.251|
B<15>          |S<30>          |   11.103|
B<15>          |S<31>          |   11.310|
B<15>          |co             |   11.739|
B<16>          |S<16>          |    6.851|
B<16>          |S<17>          |    6.653|
B<16>          |S<18>          |    8.602|
B<16>          |S<19>          |    8.389|
B<16>          |S<20>          |    8.422|
B<16>          |S<21>          |    8.121|
B<16>          |S<22>          |    8.756|
B<16>          |S<23>          |    8.560|
B<16>          |S<24>          |    9.800|
B<16>          |S<25>          |    9.506|
B<16>          |S<26>          |   10.686|
B<16>          |S<27>          |   10.461|
B<16>          |S<28>          |   10.916|
B<16>          |S<29>          |   11.148|
B<16>          |S<30>          |   11.000|
B<16>          |S<31>          |   11.207|
B<16>          |co             |   11.636|
B<17>          |S<17>          |    7.138|
B<17>          |S<18>          |    8.462|
B<17>          |S<19>          |    8.249|
B<17>          |S<20>          |    8.282|
B<17>          |S<21>          |    7.981|
B<17>          |S<22>          |    8.616|
B<17>          |S<23>          |    8.420|
B<17>          |S<24>          |    9.660|
B<17>          |S<25>          |    9.366|
B<17>          |S<26>          |   10.546|
B<17>          |S<27>          |   10.321|
B<17>          |S<28>          |   10.776|
B<17>          |S<29>          |   11.008|
B<17>          |S<30>          |   10.860|
B<17>          |S<31>          |   11.067|
B<17>          |co             |   11.496|
B<18>          |S<18>          |    7.536|
B<18>          |S<19>          |    7.371|
B<18>          |S<20>          |    8.089|
B<18>          |S<21>          |    7.788|
B<18>          |S<22>          |    8.423|
B<18>          |S<23>          |    8.227|
B<18>          |S<24>          |    9.467|
B<18>          |S<25>          |    9.173|
B<18>          |S<26>          |   10.353|
B<18>          |S<27>          |   10.128|
B<18>          |S<28>          |   10.583|
B<18>          |S<29>          |   10.815|
B<18>          |S<30>          |   10.667|
B<18>          |S<31>          |   10.874|
B<18>          |co             |   11.303|
B<19>          |S<19>          |    7.351|
B<19>          |S<20>          |    7.683|
B<19>          |S<21>          |    7.382|
B<19>          |S<22>          |    8.017|
B<19>          |S<23>          |    7.821|
B<19>          |S<24>          |    9.061|
B<19>          |S<25>          |    8.767|
B<19>          |S<26>          |    9.947|
B<19>          |S<27>          |    9.722|
B<19>          |S<28>          |   10.177|
B<19>          |S<29>          |   10.409|
B<19>          |S<30>          |   10.261|
B<19>          |S<31>          |   10.468|
B<19>          |co             |   10.897|
B<20>          |S<20>          |    7.144|
B<20>          |S<21>          |    7.572|
B<20>          |S<22>          |    7.553|
B<20>          |S<23>          |    7.357|
B<20>          |S<24>          |    8.597|
B<20>          |S<25>          |    8.303|
B<20>          |S<26>          |    9.483|
B<20>          |S<27>          |    9.258|
B<20>          |S<28>          |    9.713|
B<20>          |S<29>          |    9.945|
B<20>          |S<30>          |    9.797|
B<20>          |S<31>          |   10.004|
B<20>          |co             |   10.433|
B<21>          |S<21>          |    6.962|
B<21>          |S<22>          |    7.606|
B<21>          |S<23>          |    7.410|
B<21>          |S<24>          |    8.650|
B<21>          |S<25>          |    8.356|
B<21>          |S<26>          |    9.536|
B<21>          |S<27>          |    9.311|
B<21>          |S<28>          |    9.766|
B<21>          |S<29>          |    9.998|
B<21>          |S<30>          |    9.850|
B<21>          |S<31>          |   10.057|
B<21>          |co             |   10.486|
B<22>          |S<22>          |    7.007|
B<22>          |S<23>          |    7.140|
B<22>          |S<24>          |    8.052|
B<22>          |S<25>          |    7.758|
B<22>          |S<26>          |    8.938|
B<22>          |S<27>          |    8.713|
B<22>          |S<28>          |    9.168|
B<22>          |S<29>          |    9.400|
B<22>          |S<30>          |    9.252|
B<22>          |S<31>          |    9.459|
B<22>          |co             |    9.888|
B<23>          |S<23>          |    6.742|
B<23>          |S<24>          |    8.176|
B<23>          |S<25>          |    7.882|
B<23>          |S<26>          |    9.062|
B<23>          |S<27>          |    8.837|
B<23>          |S<28>          |    9.292|
B<23>          |S<29>          |    9.524|
B<23>          |S<30>          |    9.376|
B<23>          |S<31>          |    9.583|
B<23>          |co             |   10.012|
B<24>          |S<24>          |    6.883|
B<24>          |S<25>          |    7.360|
B<24>          |S<26>          |    7.932|
B<24>          |S<27>          |    7.707|
B<24>          |S<28>          |    8.162|
B<24>          |S<29>          |    8.394|
B<24>          |S<30>          |    8.246|
B<24>          |S<31>          |    8.453|
B<24>          |co             |    8.882|
B<25>          |S<25>          |    6.972|
B<25>          |S<26>          |    8.362|
B<25>          |S<27>          |    8.137|
B<25>          |S<28>          |    8.592|
B<25>          |S<29>          |    8.824|
B<25>          |S<30>          |    8.676|
B<25>          |S<31>          |    8.883|
B<25>          |co             |    9.312|
B<26>          |S<26>          |    7.218|
B<26>          |S<27>          |    7.748|
B<26>          |S<28>          |    7.901|
B<26>          |S<29>          |    8.133|
B<26>          |S<30>          |    7.985|
B<26>          |S<31>          |    8.192|
B<26>          |co             |    8.621|
B<27>          |S<27>          |    7.484|
B<27>          |S<28>          |    8.153|
B<27>          |S<29>          |    8.385|
B<27>          |S<30>          |    8.237|
B<27>          |S<31>          |    8.444|
B<27>          |co             |    8.873|
B<28>          |S<28>          |    7.475|
B<28>          |S<29>          |    7.260|
B<28>          |S<30>          |    7.205|
B<28>          |S<31>          |    7.412|
B<28>          |co             |    7.841|
B<29>          |S<29>          |    7.672|
B<29>          |S<30>          |    7.425|
B<29>          |S<31>          |    7.632|
B<29>          |co             |    8.061|
B<30>          |S<30>          |    7.393|
B<30>          |S<31>          |    7.616|
B<30>          |co             |    7.677|
B<31>          |S<31>          |    7.420|
B<31>          |co             |    7.273|
sel            |S<1>           |    9.899|
sel            |S<2>           |   10.192|
sel            |S<3>           |   10.477|
sel            |S<4>           |   11.259|
sel            |S<5>           |   11.148|
sel            |S<6>           |   11.817|
sel            |S<7>           |   11.848|
sel            |S<8>           |   12.484|
sel            |S<9>           |   12.154|
sel            |S<10>          |   12.858|
sel            |S<11>          |   12.945|
sel            |S<12>          |   13.160|
sel            |S<13>          |   13.230|
sel            |S<14>          |   13.623|
sel            |S<15>          |   13.251|
sel            |S<16>          |   14.170|
sel            |S<17>          |   14.096|
sel            |S<18>          |   15.451|
sel            |S<19>          |   15.238|
sel            |S<20>          |   15.271|
sel            |S<21>          |   14.970|
sel            |S<22>          |   15.605|
sel            |S<23>          |   15.409|
sel            |S<24>          |   16.649|
sel            |S<25>          |   16.355|
sel            |S<26>          |   17.535|
sel            |S<27>          |   17.310|
sel            |S<28>          |   17.765|
sel            |S<29>          |   17.997|
sel            |S<30>          |   17.849|
sel            |S<31>          |   18.056|
sel            |co             |   18.485|
---------------+---------------+---------+


Analysis completed Mon Jan 25 00:17:21 2021 
--------------------------------------------------------------------------------

Trace Settings:
-------------------------
Trace Settings 

Peak Memory Usage: 4958 MB



