--------------------------------------------------------------------------------
Release 14.7 Trace  (nt64)
Copyright (c) 1995-2013 Xilinx, Inc.  All rights reserved.

C:\Xilinx\14.7\ISE_DS\ISE\bin\nt64\unwrapped\trce.exe -intstyle ise -v 3 -s 3
-n 3 -fastpaths -xml adderSubtractor.twx adderSubtractor.ncd -o
adderSubtractor.twr adderSubtractor.pcf

Design file:              adderSubtractor.ncd
Physical constraint file: adderSubtractor.pcf
Device,package,speed:     xc7z010,clg400,C,-3 (PRELIMINARY 1.08 2013-10-13)
Report level:             verbose report

Environment Variable      Effect 
--------------------      ------ 
NONE                      No environment variables were set
--------------------------------------------------------------------------------

INFO:Timing:2698 - No timing constraints found, doing default enumeration.
INFO:Timing:3412 - To improve timing, see the Timing Closure User Guide (UG612).
INFO:Timing:2752 - To get complete path coverage, use the unconstrained paths 
   option. All paths that are not constrained will be reported in the 
   unconstrained paths section(s) of the report.
INFO:Timing:3339 - The clock-to-out numbers in this timing report are based on 
   a 50 Ohm transmission line loading model.  For the details of this model, 
   and for more information on accounting for different loading conditions, 
   please see the device datasheet.



Data Sheet report:
-----------------
All values displayed in nanoseconds (ns)

Pad to Pad
---------------+---------------+---------+
Source Pad     |Destination Pad|  Delay  |
---------------+---------------+---------+
A<0>           |S<0>           |    7.741|
A<0>           |S<1>           |    7.547|
A<0>           |S<2>           |    7.840|
A<0>           |S<3>           |    8.125|
A<0>           |S<4>           |    8.693|
A<0>           |S<5>           |    8.535|
A<0>           |S<6>           |    9.237|
A<0>           |S<7>           |    9.189|
A<0>           |S<8>           |    9.643|
A<0>           |S<9>           |    9.434|
A<0>           |S<10>          |    9.993|
A<0>           |S<11>          |    9.360|
A<0>           |S<12>          |   10.502|
A<0>           |S<13>          |   10.246|
A<0>           |S<14>          |   10.748|
A<0>           |S<15>          |   10.990|
A<0>           |S<16>          |   11.292|
A<0>           |S<17>          |   11.308|
A<0>           |S<18>          |   12.576|
A<0>           |S<19>          |   12.363|
A<0>           |S<20>          |   12.396|
A<0>           |S<21>          |   12.095|
A<0>           |S<22>          |   12.993|
A<0>           |S<23>          |   12.536|
A<0>           |S<24>          |   13.742|
A<0>           |S<25>          |   13.477|
A<0>           |S<26>          |   14.670|
A<0>           |S<27>          |   14.445|
A<0>           |S<28>          |   14.900|
A<0>           |S<29>          |   15.132|
A<0>           |S<30>          |   14.856|
A<0>           |S<31>          |   15.218|
A<0>           |co             |   15.398|
A<1>           |S<1>           |    7.561|
A<1>           |S<2>           |    7.854|
A<1>           |S<3>           |    8.139|
A<1>           |S<4>           |    8.707|
A<1>           |S<5>           |    8.549|
A<1>           |S<6>           |    9.251|
A<1>           |S<7>           |    9.203|
A<1>           |S<8>           |    9.657|
A<1>           |S<9>           |    9.448|
A<1>           |S<10>          |   10.007|
A<1>           |S<11>          |    9.374|
A<1>           |S<12>          |   10.516|
A<1>           |S<13>          |   10.260|
A<1>           |S<14>          |   10.762|
A<1>           |S<15>          |   11.004|
A<1>           |S<16>          |   11.306|
A<1>           |S<17>          |   11.322|
A<1>           |S<18>          |   12.590|
A<1>           |S<19>          |   12.377|
A<1>           |S<20>          |   12.410|
A<1>           |S<21>          |   12.109|
A<1>           |S<22>          |   13.007|
A<1>           |S<23>          |   12.550|
A<1>           |S<24>          |   13.756|
A<1>           |S<25>          |   13.491|
A<1>           |S<26>          |   14.684|
A<1>           |S<27>          |   14.459|
A<1>           |S<28>          |   14.914|
A<1>           |S<29>          |   15.146|
A<1>           |S<30>          |   14.870|
A<1>           |S<31>          |   15.232|
A<1>           |co             |   15.412|
A<2>           |S<2>           |    7.494|
A<2>           |S<3>           |    7.782|
A<2>           |S<4>           |    8.450|
A<2>           |S<5>           |    8.292|
A<2>           |S<6>           |    8.994|
A<2>           |S<7>           |    8.946|
A<2>           |S<8>           |    9.400|
A<2>           |S<9>           |    9.191|
A<2>           |S<10>          |    9.750|
A<2>           |S<11>          |    9.117|
A<2>           |S<12>          |   10.259|
A<2>           |S<13>          |   10.003|
A<2>           |S<14>          |   10.505|
A<2>           |S<15>          |   10.747|
A<2>           |S<16>          |   11.049|
A<2>           |S<17>          |   11.065|
A<2>           |S<18>          |   12.333|
A<2>           |S<19>          |   12.120|
A<2>           |S<20>          |   12.153|
A<2>           |S<21>          |   11.852|
A<2>           |S<22>          |   12.750|
A<2>           |S<23>          |   12.293|
A<2>           |S<24>          |   13.499|
A<2>           |S<25>          |   13.234|
A<2>           |S<26>          |   14.427|
A<2>           |S<27>          |   14.202|
A<2>           |S<28>          |   14.657|
A<2>           |S<29>          |   14.889|
A<2>           |S<30>          |   14.613|
A<2>           |S<31>          |   14.975|
A<2>           |co             |   15.155|
A<3>           |S<3>           |    8.189|
A<3>           |S<4>           |    8.143|
A<3>           |S<5>           |    7.985|
A<3>           |S<6>           |    8.687|
A<3>           |S<7>           |    8.639|
A<3>           |S<8>           |    9.093|
A<3>           |S<9>           |    8.884|
A<3>           |S<10>          |    9.443|
A<3>           |S<11>          |    8.810|
A<3>           |S<12>          |    9.952|
A<3>           |S<13>          |    9.696|
A<3>           |S<14>          |   10.198|
A<3>           |S<15>          |   10.440|
A<3>           |S<16>          |   10.742|
A<3>           |S<17>          |   10.758|
A<3>           |S<18>          |   12.026|
A<3>           |S<19>          |   11.813|
A<3>           |S<20>          |   11.846|
A<3>           |S<21>          |   11.545|
A<3>           |S<22>          |   12.443|
A<3>           |S<23>          |   11.986|
A<3>           |S<24>          |   13.192|
A<3>           |S<25>          |   12.927|
A<3>           |S<26>          |   14.120|
A<3>           |S<27>          |   13.895|
A<3>           |S<28>          |   14.350|
A<3>           |S<29>          |   14.582|
A<3>           |S<30>          |   14.306|
A<3>           |S<31>          |   14.668|
A<3>           |co             |   14.848|
A<4>           |S<4>           |    8.132|
A<4>           |S<5>           |    7.968|
A<4>           |S<6>           |    8.648|
A<4>           |S<7>           |    8.600|
A<4>           |S<8>           |    9.054|
A<4>           |S<9>           |    8.845|
A<4>           |S<10>          |    9.404|
A<4>           |S<11>          |    8.771|
A<4>           |S<12>          |    9.913|
A<4>           |S<13>          |    9.657|
A<4>           |S<14>          |   10.159|
A<4>           |S<15>          |   10.401|
A<4>           |S<16>          |   10.703|
A<4>           |S<17>          |   10.719|
A<4>           |S<18>          |   11.987|
A<4>           |S<19>          |   11.774|
A<4>           |S<20>          |   11.807|
A<4>           |S<21>          |   11.506|
A<4>           |S<22>          |   12.404|
A<4>           |S<23>          |   11.947|
A<4>           |S<24>          |   13.153|
A<4>           |S<25>          |   12.888|
A<4>           |S<26>          |   14.081|
A<4>           |S<27>          |   13.856|
A<4>           |S<28>          |   14.311|
A<4>           |S<29>          |   14.543|
A<4>           |S<30>          |   14.267|
A<4>           |S<31>          |   14.629|
A<4>           |co             |   14.809|
A<5>           |S<5>           |    7.618|
A<5>           |S<6>           |    8.327|
A<5>           |S<7>           |    8.279|
A<5>           |S<8>           |    8.733|
A<5>           |S<9>           |    8.524|
A<5>           |S<10>          |    9.083|
A<5>           |S<11>          |    8.450|
A<5>           |S<12>          |    9.592|
A<5>           |S<13>          |    9.336|
A<5>           |S<14>          |    9.838|
A<5>           |S<15>          |   10.080|
A<5>           |S<16>          |   10.382|
A<5>           |S<17>          |   10.398|
A<5>           |S<18>          |   11.666|
A<5>           |S<19>          |   11.453|
A<5>           |S<20>          |   11.486|
A<5>           |S<21>          |   11.185|
A<5>           |S<22>          |   12.083|
A<5>           |S<23>          |   11.626|
A<5>           |S<24>          |   12.832|
A<5>           |S<25>          |   12.567|
A<5>           |S<26>          |   13.760|
A<5>           |S<27>          |   13.535|
A<5>           |S<28>          |   13.990|
A<5>           |S<29>          |   14.222|
A<5>           |S<30>          |   13.946|
A<5>           |S<31>          |   14.308|
A<5>           |co             |   14.488|
A<6>           |S<6>           |    7.589|
A<6>           |S<7>           |    8.296|
A<6>           |S<8>           |    8.537|
A<6>           |S<9>           |    8.328|
A<6>           |S<10>          |    8.887|
A<6>           |S<11>          |    8.254|
A<6>           |S<12>          |    9.396|
A<6>           |S<13>          |    9.140|
A<6>           |S<14>          |    9.642|
A<6>           |S<15>          |    9.884|
A<6>           |S<16>          |   10.186|
A<6>           |S<17>          |   10.202|
A<6>           |S<18>          |   11.470|
A<6>           |S<19>          |   11.257|
A<6>           |S<20>          |   11.290|
A<6>           |S<21>          |   10.989|
A<6>           |S<22>          |   11.887|
A<6>           |S<23>          |   11.430|
A<6>           |S<24>          |   12.636|
A<6>           |S<25>          |   12.371|
A<6>           |S<26>          |   13.564|
A<6>           |S<27>          |   13.339|
A<6>           |S<28>          |   13.794|
A<6>           |S<29>          |   14.026|
A<6>           |S<30>          |   13.750|
A<6>           |S<31>          |   14.112|
A<6>           |co             |   14.292|
A<7>           |S<7>           |    8.119|
A<7>           |S<8>           |    8.154|
A<7>           |S<9>           |    7.945|
A<7>           |S<10>          |    8.504|
A<7>           |S<11>          |    7.871|
A<7>           |S<12>          |    9.013|
A<7>           |S<13>          |    8.757|
A<7>           |S<14>          |    9.259|
A<7>           |S<15>          |    9.501|
A<7>           |S<16>          |    9.803|
A<7>           |S<17>          |    9.819|
A<7>           |S<18>          |   11.087|
A<7>           |S<19>          |   10.874|
A<7>           |S<20>          |   10.907|
A<7>           |S<21>          |   10.606|
A<7>           |S<22>          |   11.504|
A<7>           |S<23>          |   11.047|
A<7>           |S<24>          |   12.253|
A<7>           |S<25>          |   11.988|
A<7>           |S<26>          |   13.181|
A<7>           |S<27>          |   12.956|
A<7>           |S<28>          |   13.411|
A<7>           |S<29>          |   13.643|
A<7>           |S<30>          |   13.367|
A<7>           |S<31>          |   13.729|
A<7>           |co             |   13.909|
A<8>           |S<8>           |    7.807|
A<8>           |S<9>           |    7.900|
A<8>           |S<10>          |    8.474|
A<8>           |S<11>          |    7.841|
A<8>           |S<12>          |    8.983|
A<8>           |S<13>          |    8.727|
A<8>           |S<14>          |    9.229|
A<8>           |S<15>          |    9.471|
A<8>           |S<16>          |    9.773|
A<8>           |S<17>          |    9.789|
A<8>           |S<18>          |   11.057|
A<8>           |S<19>          |   10.844|
A<8>           |S<20>          |   10.877|
A<8>           |S<21>          |   10.576|
A<8>           |S<22>          |   11.474|
A<8>           |S<23>          |   11.017|
A<8>           |S<24>          |   12.223|
A<8>           |S<25>          |   11.958|
A<8>           |S<26>          |   13.151|
A<8>           |S<27>          |   12.926|
A<8>           |S<28>          |   13.381|
A<8>           |S<29>          |   13.613|
A<8>           |S<30>          |   13.337|
A<8>           |S<31>          |   13.699|
A<8>           |co             |   13.879|
A<9>           |S<9>           |    7.597|
A<9>           |S<10>          |    8.163|
A<9>           |S<11>          |    7.530|
A<9>           |S<12>          |    8.672|
A<9>           |S<13>          |    8.416|
A<9>           |S<14>          |    8.918|
A<9>           |S<15>          |    9.160|
A<9>           |S<16>          |    9.462|
A<9>           |S<17>          |    9.478|
A<9>           |S<18>          |   10.746|
A<9>           |S<19>          |   10.533|
A<9>           |S<20>          |   10.566|
A<9>           |S<21>          |   10.265|
A<9>           |S<22>          |   11.163|
A<9>           |S<23>          |   10.706|
A<9>           |S<24>          |   11.912|
A<9>           |S<25>          |   11.647|
A<9>           |S<26>          |   12.840|
A<9>           |S<27>          |   12.615|
A<9>           |S<28>          |   13.070|
A<9>           |S<29>          |   13.302|
A<9>           |S<30>          |   13.026|
A<9>           |S<31>          |   13.388|
A<9>           |co             |   13.568|
A<10>          |S<10>          |    7.523|
A<10>          |S<11>          |    7.238|
A<10>          |S<12>          |    8.127|
A<10>          |S<13>          |    7.871|
A<10>          |S<14>          |    8.373|
A<10>          |S<15>          |    8.615|
A<10>          |S<16>          |    8.917|
A<10>          |S<17>          |    8.933|
A<10>          |S<18>          |   10.201|
A<10>          |S<19>          |    9.988|
A<10>          |S<20>          |   10.021|
A<10>          |S<21>          |    9.720|
A<10>          |S<22>          |   10.618|
A<10>          |S<23>          |   10.161|
A<10>          |S<24>          |   11.367|
A<10>          |S<25>          |   11.102|
A<10>          |S<26>          |   12.295|
A<10>          |S<27>          |   12.070|
A<10>          |S<28>          |   12.525|
A<10>          |S<29>          |   12.757|
A<10>          |S<30>          |   12.481|
A<10>          |S<31>          |   12.843|
A<10>          |co             |   13.023|
A<11>          |S<11>          |    7.089|
A<11>          |S<12>          |    8.331|
A<11>          |S<13>          |    8.075|
A<11>          |S<14>          |    8.577|
A<11>          |S<15>          |    8.819|
A<11>          |S<16>          |    9.121|
A<11>          |S<17>          |    9.137|
A<11>          |S<18>          |   10.405|
A<11>          |S<19>          |   10.192|
A<11>          |S<20>          |   10.225|
A<11>          |S<21>          |    9.924|
A<11>          |S<22>          |   10.822|
A<11>          |S<23>          |   10.365|
A<11>          |S<24>          |   11.571|
A<11>          |S<25>          |   11.306|
A<11>          |S<26>          |   12.499|
A<11>          |S<27>          |   12.274|
A<11>          |S<28>          |   12.729|
A<11>          |S<29>          |   12.961|
A<11>          |S<30>          |   12.685|
A<11>          |S<31>          |   13.047|
A<11>          |co             |   13.227|
A<12>          |S<12>          |    7.639|
A<12>          |S<13>          |    7.505|
A<12>          |S<14>          |    8.154|
A<12>          |S<15>          |    8.396|
A<12>          |S<16>          |    8.698|
A<12>          |S<17>          |    8.714|
A<12>          |S<18>          |    9.982|
A<12>          |S<19>          |    9.769|
A<12>          |S<20>          |    9.802|
A<12>          |S<21>          |    9.501|
A<12>          |S<22>          |   10.399|
A<12>          |S<23>          |    9.942|
A<12>          |S<24>          |   11.148|
A<12>          |S<25>          |   10.883|
A<12>          |S<26>          |   12.076|
A<12>          |S<27>          |   11.851|
A<12>          |S<28>          |   12.306|
A<12>          |S<29>          |   12.538|
A<12>          |S<30>          |   12.262|
A<12>          |S<31>          |   12.624|
A<12>          |co             |   12.804|
A<13>          |S<13>          |    7.464|
A<13>          |S<14>          |    7.668|
A<13>          |S<15>          |    7.910|
A<13>          |S<16>          |    8.212|
A<13>          |S<17>          |    8.228|
A<13>          |S<18>          |    9.496|
A<13>          |S<19>          |    9.283|
A<13>          |S<20>          |    9.316|
A<13>          |S<21>          |    9.015|
A<13>          |S<22>          |    9.913|
A<13>          |S<23>          |    9.456|
A<13>          |S<24>          |   10.662|
A<13>          |S<25>          |   10.397|
A<13>          |S<26>          |   11.590|
A<13>          |S<27>          |   11.365|
A<13>          |S<28>          |   11.820|
A<13>          |S<29>          |   12.052|
A<13>          |S<30>          |   11.776|
A<13>          |S<31>          |   12.138|
A<13>          |co             |   12.318|
A<14>          |S<14>          |    7.073|
A<14>          |S<15>          |    7.908|
A<14>          |S<16>          |    8.170|
A<14>          |S<17>          |    8.186|
A<14>          |S<18>          |    9.454|
A<14>          |S<19>          |    9.241|
A<14>          |S<20>          |    9.274|
A<14>          |S<21>          |    8.973|
A<14>          |S<22>          |    9.871|
A<14>          |S<23>          |    9.414|
A<14>          |S<24>          |   10.620|
A<14>          |S<25>          |   10.355|
A<14>          |S<26>          |   11.548|
A<14>          |S<27>          |   11.323|
A<14>          |S<28>          |   11.778|
A<14>          |S<29>          |   12.010|
A<14>          |S<30>          |   11.734|
A<14>          |S<31>          |   12.096|
A<14>          |co             |   12.276|
A<15>          |S<15>          |    7.809|
A<15>          |S<16>          |    8.240|
A<15>          |S<17>          |    8.256|
A<15>          |S<18>          |    9.524|
A<15>          |S<19>          |    9.311|
A<15>          |S<20>          |    9.344|
A<15>          |S<21>          |    9.043|
A<15>          |S<22>          |    9.941|
A<15>          |S<23>          |    9.484|
A<15>          |S<24>          |   10.690|
A<15>          |S<25>          |   10.425|
A<15>          |S<26>          |   11.618|
A<15>          |S<27>          |   11.393|
A<15>          |S<28>          |   11.848|
A<15>          |S<29>          |   12.080|
A<15>          |S<30>          |   11.804|
A<15>          |S<31>          |   12.166|
A<15>          |co             |   12.346|
A<16>          |S<16>          |    7.463|
A<16>          |S<17>          |    7.294|
A<16>          |S<18>          |    8.440|
A<16>          |S<19>          |    8.227|
A<16>          |S<20>          |    8.260|
A<16>          |S<21>          |    7.959|
A<16>          |S<22>          |    8.857|
A<16>          |S<23>          |    8.400|
A<16>          |S<24>          |    9.606|
A<16>          |S<25>          |    9.341|
A<16>          |S<26>          |   10.534|
A<16>          |S<27>          |   10.309|
A<16>          |S<28>          |   10.764|
A<16>          |S<29>          |   10.996|
A<16>          |S<30>          |   10.720|
A<16>          |S<31>          |   11.082|
A<16>          |co             |   11.262|
A<17>          |S<17>          |    6.984|
A<17>          |S<18>          |    8.514|
A<17>          |S<19>          |    8.301|
A<17>          |S<20>          |    8.334|
A<17>          |S<21>          |    8.033|
A<17>          |S<22>          |    8.931|
A<17>          |S<23>          |    8.474|
A<17>          |S<24>          |    9.680|
A<17>          |S<25>          |    9.415|
A<17>          |S<26>          |   10.608|
A<17>          |S<27>          |   10.383|
A<17>          |S<28>          |   10.838|
A<17>          |S<29>          |   11.070|
A<17>          |S<30>          |   10.794|
A<17>          |S<31>          |   11.156|
A<17>          |co             |   11.336|
A<18>          |S<18>          |    7.676|
A<18>          |S<19>          |    7.915|
A<18>          |S<20>          |    7.850|
A<18>          |S<21>          |    7.549|
A<18>          |S<22>          |    8.447|
A<18>          |S<23>          |    7.990|
A<18>          |S<24>          |    9.196|
A<18>          |S<25>          |    8.931|
A<18>          |S<26>          |   10.124|
A<18>          |S<27>          |    9.899|
A<18>          |S<28>          |   10.354|
A<18>          |S<29>          |   10.586|
A<18>          |S<30>          |   10.310|
A<18>          |S<31>          |   10.672|
A<18>          |co             |   10.852|
A<19>          |S<19>          |    7.665|
A<19>          |S<20>          |    7.953|
A<19>          |S<21>          |    7.652|
A<19>          |S<22>          |    8.550|
A<19>          |S<23>          |    8.093|
A<19>          |S<24>          |    9.299|
A<19>          |S<25>          |    9.034|
A<19>          |S<26>          |   10.227|
A<19>          |S<27>          |   10.002|
A<19>          |S<28>          |   10.457|
A<19>          |S<29>          |   10.689|
A<19>          |S<30>          |   10.413|
A<19>          |S<31>          |   10.775|
A<19>          |co             |   10.955|
A<20>          |S<20>          |    7.689|
A<20>          |S<21>          |    7.483|
A<20>          |S<22>          |    7.792|
A<20>          |S<23>          |    7.335|
A<20>          |S<24>          |    8.541|
A<20>          |S<25>          |    8.276|
A<20>          |S<26>          |    9.469|
A<20>          |S<27>          |    9.244|
A<20>          |S<28>          |    9.699|
A<20>          |S<29>          |    9.931|
A<20>          |S<30>          |    9.655|
A<20>          |S<31>          |   10.017|
A<20>          |co             |   10.197|
A<21>          |S<21>          |    7.355|
A<21>          |S<22>          |    8.006|
A<21>          |S<23>          |    7.549|
A<21>          |S<24>          |    8.755|
A<21>          |S<25>          |    8.490|
A<21>          |S<26>          |    9.683|
A<21>          |S<27>          |    9.458|
A<21>          |S<28>          |    9.913|
A<21>          |S<29>          |   10.145|
A<21>          |S<30>          |    9.869|
A<21>          |S<31>          |   10.231|
A<21>          |co             |   10.411|
A<22>          |S<22>          |    7.131|
A<22>          |S<23>          |    7.298|
A<22>          |S<24>          |    8.057|
A<22>          |S<25>          |    7.792|
A<22>          |S<26>          |    8.985|
A<22>          |S<27>          |    8.760|
A<22>          |S<28>          |    9.215|
A<22>          |S<29>          |    9.447|
A<22>          |S<30>          |    9.171|
A<22>          |S<31>          |    9.533|
A<22>          |co             |    9.713|
A<23>          |S<23>          |    7.121|
A<23>          |S<24>          |    8.213|
A<23>          |S<25>          |    7.948|
A<23>          |S<26>          |    9.141|
A<23>          |S<27>          |    8.916|
A<23>          |S<28>          |    9.371|
A<23>          |S<29>          |    9.603|
A<23>          |S<30>          |    9.327|
A<23>          |S<31>          |    9.689|
A<23>          |co             |    9.869|
A<24>          |S<24>          |    7.416|
A<24>          |S<25>          |    7.549|
A<24>          |S<26>          |    8.161|
A<24>          |S<27>          |    7.936|
A<24>          |S<28>          |    8.391|
A<24>          |S<29>          |    8.623|
A<24>          |S<30>          |    8.347|
A<24>          |S<31>          |    8.709|
A<24>          |co             |    8.889|
A<25>          |S<25>          |    7.071|
A<25>          |S<26>          |    8.534|
A<25>          |S<27>          |    8.309|
A<25>          |S<28>          |    8.764|
A<25>          |S<29>          |    8.996|
A<25>          |S<30>          |    8.720|
A<25>          |S<31>          |    9.082|
A<25>          |co             |    9.262|
A<26>          |S<26>          |    7.601|
A<26>          |S<27>          |    7.931|
A<26>          |S<28>          |    8.400|
A<26>          |S<29>          |    8.632|
A<26>          |S<30>          |    8.356|
A<26>          |S<31>          |    8.718|
A<26>          |co             |    8.898|
A<27>          |S<27>          |    8.102|
A<27>          |S<28>          |    7.879|
A<27>          |S<29>          |    8.111|
A<27>          |S<30>          |    7.835|
A<27>          |S<31>          |    8.197|
A<27>          |co             |    8.377|
A<28>          |S<28>          |    7.689|
A<28>          |S<29>          |    7.911|
A<28>          |S<30>          |    7.812|
A<28>          |S<31>          |    8.174|
A<28>          |co             |    8.354|
A<29>          |S<29>          |    7.521|
A<29>          |S<30>          |    7.253|
A<29>          |S<31>          |    7.615|
A<29>          |co             |    7.795|
A<30>          |S<30>          |    7.685|
A<30>          |S<31>          |    7.452|
A<30>          |co             |    7.428|
A<31>          |S<31>          |    7.376|
A<31>          |co             |    7.561|
B<0>           |S<0>           |    7.036|
B<0>           |S<1>           |    7.083|
B<0>           |S<2>           |    7.389|
B<0>           |S<3>           |    7.674|
B<0>           |S<4>           |    8.242|
B<0>           |S<5>           |    8.084|
B<0>           |S<6>           |    8.786|
B<0>           |S<7>           |    8.738|
B<0>           |S<8>           |    9.192|
B<0>           |S<9>           |    8.983|
B<0>           |S<10>          |    9.542|
B<0>           |S<11>          |    8.909|
B<0>           |S<12>          |   10.051|
B<0>           |S<13>          |    9.795|
B<0>           |S<14>          |   10.297|
B<0>           |S<15>          |   10.539|
B<0>           |S<16>          |   10.841|
B<0>           |S<17>          |   10.857|
B<0>           |S<18>          |   12.125|
B<0>           |S<19>          |   11.912|
B<0>           |S<20>          |   11.945|
B<0>           |S<21>          |   11.644|
B<0>           |S<22>          |   12.542|
B<0>           |S<23>          |   12.085|
B<0>           |S<24>          |   13.291|
B<0>           |S<25>          |   13.026|
B<0>           |S<26>          |   14.219|
B<0>           |S<27>          |   13.994|
B<0>           |S<28>          |   14.449|
B<0>           |S<29>          |   14.681|
B<0>           |S<30>          |   14.405|
B<0>           |S<31>          |   14.767|
B<0>           |co             |   14.947|
B<1>           |S<1>           |    7.179|
B<1>           |S<2>           |    7.487|
B<1>           |S<3>           |    7.772|
B<1>           |S<4>           |    8.340|
B<1>           |S<5>           |    8.182|
B<1>           |S<6>           |    8.884|
B<1>           |S<7>           |    8.836|
B<1>           |S<8>           |    9.290|
B<1>           |S<9>           |    9.081|
B<1>           |S<10>          |    9.640|
B<1>           |S<11>          |    9.007|
B<1>           |S<12>          |   10.149|
B<1>           |S<13>          |    9.893|
B<1>           |S<14>          |   10.395|
B<1>           |S<15>          |   10.637|
B<1>           |S<16>          |   10.939|
B<1>           |S<17>          |   10.955|
B<1>           |S<18>          |   12.223|
B<1>           |S<19>          |   12.010|
B<1>           |S<20>          |   12.043|
B<1>           |S<21>          |   11.742|
B<1>           |S<22>          |   12.640|
B<1>           |S<23>          |   12.183|
B<1>           |S<24>          |   13.389|
B<1>           |S<25>          |   13.124|
B<1>           |S<26>          |   14.317|
B<1>           |S<27>          |   14.092|
B<1>           |S<28>          |   14.547|
B<1>           |S<29>          |   14.779|
B<1>           |S<30>          |   14.503|
B<1>           |S<31>          |   14.865|
B<1>           |co             |   15.045|
B<2>           |S<2>           |    7.444|
B<2>           |S<3>           |    7.600|
B<2>           |S<4>           |    7.601|
B<2>           |S<5>           |    7.443|
B<2>           |S<6>           |    8.145|
B<2>           |S<7>           |    8.097|
B<2>           |S<8>           |    8.551|
B<2>           |S<9>           |    8.342|
B<2>           |S<10>          |    8.901|
B<2>           |S<11>          |    8.268|
B<2>           |S<12>          |    9.410|
B<2>           |S<13>          |    9.154|
B<2>           |S<14>          |    9.656|
B<2>           |S<15>          |    9.898|
B<2>           |S<16>          |   10.200|
B<2>           |S<17>          |   10.216|
B<2>           |S<18>          |   11.484|
B<2>           |S<19>          |   11.271|
B<2>           |S<20>          |   11.304|
B<2>           |S<21>          |   11.003|
B<2>           |S<22>          |   11.901|
B<2>           |S<23>          |   11.444|
B<2>           |S<24>          |   12.650|
B<2>           |S<25>          |   12.385|
B<2>           |S<26>          |   13.578|
B<2>           |S<27>          |   13.353|
B<2>           |S<28>          |   13.808|
B<2>           |S<29>          |   14.040|
B<2>           |S<30>          |   13.764|
B<2>           |S<31>          |   14.126|
B<2>           |co             |   14.306|
B<3>           |S<3>           |    7.390|
B<3>           |S<4>           |    7.803|
B<3>           |S<5>           |    7.645|
B<3>           |S<6>           |    8.347|
B<3>           |S<7>           |    8.299|
B<3>           |S<8>           |    8.753|
B<3>           |S<9>           |    8.544|
B<3>           |S<10>          |    9.103|
B<3>           |S<11>          |    8.470|
B<3>           |S<12>          |    9.612|
B<3>           |S<13>          |    9.356|
B<3>           |S<14>          |    9.858|
B<3>           |S<15>          |   10.100|
B<3>           |S<16>          |   10.402|
B<3>           |S<17>          |   10.418|
B<3>           |S<18>          |   11.686|
B<3>           |S<19>          |   11.473|
B<3>           |S<20>          |   11.506|
B<3>           |S<21>          |   11.205|
B<3>           |S<22>          |   12.103|
B<3>           |S<23>          |   11.646|
B<3>           |S<24>          |   12.852|
B<3>           |S<25>          |   12.587|
B<3>           |S<26>          |   13.780|
B<3>           |S<27>          |   13.555|
B<3>           |S<28>          |   14.010|
B<3>           |S<29>          |   14.242|
B<3>           |S<30>          |   13.966|
B<3>           |S<31>          |   14.328|
B<3>           |co             |   14.508|
B<4>           |S<4>           |    7.646|
B<4>           |S<5>           |    7.488|
B<4>           |S<6>           |    7.817|
B<4>           |S<7>           |    7.769|
B<4>           |S<8>           |    8.223|
B<4>           |S<9>           |    8.014|
B<4>           |S<10>          |    8.573|
B<4>           |S<11>          |    7.940|
B<4>           |S<12>          |    9.082|
B<4>           |S<13>          |    8.826|
B<4>           |S<14>          |    9.328|
B<4>           |S<15>          |    9.570|
B<4>           |S<16>          |    9.872|
B<4>           |S<17>          |    9.888|
B<4>           |S<18>          |   11.156|
B<4>           |S<19>          |   10.943|
B<4>           |S<20>          |   10.976|
B<4>           |S<21>          |   10.675|
B<4>           |S<22>          |   11.573|
B<4>           |S<23>          |   11.116|
B<4>           |S<24>          |   12.322|
B<4>           |S<25>          |   12.057|
B<4>           |S<26>          |   13.250|
B<4>           |S<27>          |   13.025|
B<4>           |S<28>          |   13.480|
B<4>           |S<29>          |   13.712|
B<4>           |S<30>          |   13.436|
B<4>           |S<31>          |   13.798|
B<4>           |co             |   13.978|
B<5>           |S<5>           |    7.423|
B<5>           |S<6>           |    8.239|
B<5>           |S<7>           |    8.191|
B<5>           |S<8>           |    8.645|
B<5>           |S<9>           |    8.436|
B<5>           |S<10>          |    8.995|
B<5>           |S<11>          |    8.362|
B<5>           |S<12>          |    9.504|
B<5>           |S<13>          |    9.248|
B<5>           |S<14>          |    9.750|
B<5>           |S<15>          |    9.992|
B<5>           |S<16>          |   10.294|
B<5>           |S<17>          |   10.310|
B<5>           |S<18>          |   11.578|
B<5>           |S<19>          |   11.365|
B<5>           |S<20>          |   11.398|
B<5>           |S<21>          |   11.097|
B<5>           |S<22>          |   11.995|
B<5>           |S<23>          |   11.538|
B<5>           |S<24>          |   12.744|
B<5>           |S<25>          |   12.479|
B<5>           |S<26>          |   13.672|
B<5>           |S<27>          |   13.447|
B<5>           |S<28>          |   13.902|
B<5>           |S<29>          |   14.134|
B<5>           |S<30>          |   13.858|
B<5>           |S<31>          |   14.220|
B<5>           |co             |   14.400|
B<6>           |S<6>           |    6.935|
B<6>           |S<7>           |    7.381|
B<6>           |S<8>           |    7.935|
B<6>           |S<9>           |    7.726|
B<6>           |S<10>          |    8.285|
B<6>           |S<11>          |    7.652|
B<6>           |S<12>          |    8.794|
B<6>           |S<13>          |    8.538|
B<6>           |S<14>          |    9.040|
B<6>           |S<15>          |    9.282|
B<6>           |S<16>          |    9.584|
B<6>           |S<17>          |    9.600|
B<6>           |S<18>          |   10.868|
B<6>           |S<19>          |   10.655|
B<6>           |S<20>          |   10.688|
B<6>           |S<21>          |   10.387|
B<6>           |S<22>          |   11.285|
B<6>           |S<23>          |   10.828|
B<6>           |S<24>          |   12.034|
B<6>           |S<25>          |   11.769|
B<6>           |S<26>          |   12.962|
B<6>           |S<27>          |   12.737|
B<6>           |S<28>          |   13.192|
B<6>           |S<29>          |   13.424|
B<6>           |S<30>          |   13.148|
B<6>           |S<31>          |   13.510|
B<6>           |co             |   13.690|
B<7>           |S<7>           |    7.669|
B<7>           |S<8>           |    7.708|
B<7>           |S<9>           |    7.499|
B<7>           |S<10>          |    8.058|
B<7>           |S<11>          |    7.425|
B<7>           |S<12>          |    8.567|
B<7>           |S<13>          |    8.311|
B<7>           |S<14>          |    8.813|
B<7>           |S<15>          |    9.055|
B<7>           |S<16>          |    9.357|
B<7>           |S<17>          |    9.373|
B<7>           |S<18>          |   10.641|
B<7>           |S<19>          |   10.428|
B<7>           |S<20>          |   10.461|
B<7>           |S<21>          |   10.160|
B<7>           |S<22>          |   11.058|
B<7>           |S<23>          |   10.601|
B<7>           |S<24>          |   11.807|
B<7>           |S<25>          |   11.542|
B<7>           |S<26>          |   12.735|
B<7>           |S<27>          |   12.510|
B<7>           |S<28>          |   12.965|
B<7>           |S<29>          |   13.197|
B<7>           |S<30>          |   12.921|
B<7>           |S<31>          |   13.283|
B<7>           |co             |   13.463|
B<8>           |S<8>           |    7.562|
B<8>           |S<9>           |    7.347|
B<8>           |S<10>          |    7.913|
B<8>           |S<11>          |    7.280|
B<8>           |S<12>          |    8.422|
B<8>           |S<13>          |    8.166|
B<8>           |S<14>          |    8.668|
B<8>           |S<15>          |    8.910|
B<8>           |S<16>          |    9.212|
B<8>           |S<17>          |    9.228|
B<8>           |S<18>          |   10.496|
B<8>           |S<19>          |   10.283|
B<8>           |S<20>          |   10.316|
B<8>           |S<21>          |   10.015|
B<8>           |S<22>          |   10.913|
B<8>           |S<23>          |   10.456|
B<8>           |S<24>          |   11.662|
B<8>           |S<25>          |   11.397|
B<8>           |S<26>          |   12.590|
B<8>           |S<27>          |   12.365|
B<8>           |S<28>          |   12.820|
B<8>           |S<29>          |   13.052|
B<8>           |S<30>          |   12.776|
B<8>           |S<31>          |   13.138|
B<8>           |co             |   13.318|
B<9>           |S<9>           |    7.443|
B<9>           |S<10>          |    7.630|
B<9>           |S<11>          |    6.997|
B<9>           |S<12>          |    8.139|
B<9>           |S<13>          |    7.883|
B<9>           |S<14>          |    8.385|
B<9>           |S<15>          |    8.627|
B<9>           |S<16>          |    8.929|
B<9>           |S<17>          |    8.945|
B<9>           |S<18>          |   10.213|
B<9>           |S<19>          |   10.000|
B<9>           |S<20>          |   10.033|
B<9>           |S<21>          |    9.732|
B<9>           |S<22>          |   10.630|
B<9>           |S<23>          |   10.173|
B<9>           |S<24>          |   11.379|
B<9>           |S<25>          |   11.114|
B<9>           |S<26>          |   12.307|
B<9>           |S<27>          |   12.082|
B<9>           |S<28>          |   12.537|
B<9>           |S<29>          |   12.769|
B<9>           |S<30>          |   12.493|
B<9>           |S<31>          |   12.855|
B<9>           |co             |   13.035|
B<10>          |S<10>          |    7.102|
B<10>          |S<11>          |    7.185|
B<10>          |S<12>          |    7.613|
B<10>          |S<13>          |    7.357|
B<10>          |S<14>          |    7.859|
B<10>          |S<15>          |    8.101|
B<10>          |S<16>          |    8.403|
B<10>          |S<17>          |    8.419|
B<10>          |S<18>          |    9.687|
B<10>          |S<19>          |    9.474|
B<10>          |S<20>          |    9.507|
B<10>          |S<21>          |    9.206|
B<10>          |S<22>          |   10.104|
B<10>          |S<23>          |    9.647|
B<10>          |S<24>          |   10.853|
B<10>          |S<25>          |   10.588|
B<10>          |S<26>          |   11.781|
B<10>          |S<27>          |   11.556|
B<10>          |S<28>          |   12.011|
B<10>          |S<29>          |   12.243|
B<10>          |S<30>          |   11.967|
B<10>          |S<31>          |   12.329|
B<10>          |co             |   12.509|
B<11>          |S<11>          |    7.039|
B<11>          |S<12>          |    7.963|
B<11>          |S<13>          |    7.707|
B<11>          |S<14>          |    8.209|
B<11>          |S<15>          |    8.451|
B<11>          |S<16>          |    8.753|
B<11>          |S<17>          |    8.769|
B<11>          |S<18>          |   10.037|
B<11>          |S<19>          |    9.824|
B<11>          |S<20>          |    9.857|
B<11>          |S<21>          |    9.556|
B<11>          |S<22>          |   10.454|
B<11>          |S<23>          |    9.997|
B<11>          |S<24>          |   11.203|
B<11>          |S<25>          |   10.938|
B<11>          |S<26>          |   12.131|
B<11>          |S<27>          |   11.906|
B<11>          |S<28>          |   12.361|
B<11>          |S<29>          |   12.593|
B<11>          |S<30>          |   12.317|
B<11>          |S<31>          |   12.679|
B<11>          |co             |   12.859|
B<12>          |S<12>          |    6.920|
B<12>          |S<13>          |    6.787|
B<12>          |S<14>          |    7.671|
B<12>          |S<15>          |    7.913|
B<12>          |S<16>          |    8.215|
B<12>          |S<17>          |    8.231|
B<12>          |S<18>          |    9.499|
B<12>          |S<19>          |    9.286|
B<12>          |S<20>          |    9.319|
B<12>          |S<21>          |    9.018|
B<12>          |S<22>          |    9.916|
B<12>          |S<23>          |    9.459|
B<12>          |S<24>          |   10.665|
B<12>          |S<25>          |   10.400|
B<12>          |S<26>          |   11.593|
B<12>          |S<27>          |   11.368|
B<12>          |S<28>          |   11.823|
B<12>          |S<29>          |   12.055|
B<12>          |S<30>          |   11.779|
B<12>          |S<31>          |   12.141|
B<12>          |co             |   12.321|
B<13>          |S<13>          |    6.925|
B<13>          |S<14>          |    7.808|
B<13>          |S<15>          |    8.050|
B<13>          |S<16>          |    8.352|
B<13>          |S<17>          |    8.368|
B<13>          |S<18>          |    9.636|
B<13>          |S<19>          |    9.423|
B<13>          |S<20>          |    9.456|
B<13>          |S<21>          |    9.155|
B<13>          |S<22>          |   10.053|
B<13>          |S<23>          |    9.596|
B<13>          |S<24>          |   10.802|
B<13>          |S<25>          |   10.537|
B<13>          |S<26>          |   11.730|
B<13>          |S<27>          |   11.505|
B<13>          |S<28>          |   11.960|
B<13>          |S<29>          |   12.192|
B<13>          |S<30>          |   11.916|
B<13>          |S<31>          |   12.278|
B<13>          |co             |   12.458|
B<14>          |S<14>          |    6.858|
B<14>          |S<15>          |    7.417|
B<14>          |S<16>          |    7.602|
B<14>          |S<17>          |    7.618|
B<14>          |S<18>          |    8.886|
B<14>          |S<19>          |    8.673|
B<14>          |S<20>          |    8.706|
B<14>          |S<21>          |    8.405|
B<14>          |S<22>          |    9.303|
B<14>          |S<23>          |    8.846|
B<14>          |S<24>          |   10.052|
B<14>          |S<25>          |    9.787|
B<14>          |S<26>          |   10.980|
B<14>          |S<27>          |   10.755|
B<14>          |S<28>          |   11.210|
B<14>          |S<29>          |   11.442|
B<14>          |S<30>          |   11.166|
B<14>          |S<31>          |   11.528|
B<14>          |co             |   11.708|
B<15>          |S<15>          |    7.515|
B<15>          |S<16>          |    7.421|
B<15>          |S<17>          |    7.437|
B<15>          |S<18>          |    8.705|
B<15>          |S<19>          |    8.492|
B<15>          |S<20>          |    8.525|
B<15>          |S<21>          |    8.224|
B<15>          |S<22>          |    9.122|
B<15>          |S<23>          |    8.665|
B<15>          |S<24>          |    9.871|
B<15>          |S<25>          |    9.606|
B<15>          |S<26>          |   10.799|
B<15>          |S<27>          |   10.574|
B<15>          |S<28>          |   11.029|
B<15>          |S<29>          |   11.261|
B<15>          |S<30>          |   10.985|
B<15>          |S<31>          |   11.347|
B<15>          |co             |   11.527|
B<16>          |S<16>          |    6.839|
B<16>          |S<17>          |    6.653|
B<16>          |S<18>          |    8.602|
B<16>          |S<19>          |    8.389|
B<16>          |S<20>          |    8.422|
B<16>          |S<21>          |    8.121|
B<16>          |S<22>          |    9.019|
B<16>          |S<23>          |    8.562|
B<16>          |S<24>          |    9.768|
B<16>          |S<25>          |    9.503|
B<16>          |S<26>          |   10.696|
B<16>          |S<27>          |   10.471|
B<16>          |S<28>          |   10.926|
B<16>          |S<29>          |   11.158|
B<16>          |S<30>          |   10.882|
B<16>          |S<31>          |   11.244|
B<16>          |co             |   11.424|
B<17>          |S<17>          |    7.138|
B<17>          |S<18>          |    8.462|
B<17>          |S<19>          |    8.249|
B<17>          |S<20>          |    8.282|
B<17>          |S<21>          |    7.981|
B<17>          |S<22>          |    8.879|
B<17>          |S<23>          |    8.422|
B<17>          |S<24>          |    9.628|
B<17>          |S<25>          |    9.363|
B<17>          |S<26>          |   10.556|
B<17>          |S<27>          |   10.331|
B<17>          |S<28>          |   10.786|
B<17>          |S<29>          |   11.018|
B<17>          |S<30>          |   10.742|
B<17>          |S<31>          |   11.104|
B<17>          |co             |   11.284|
B<18>          |S<18>          |    7.536|
B<18>          |S<19>          |    7.756|
B<18>          |S<20>          |    8.089|
B<18>          |S<21>          |    7.788|
B<18>          |S<22>          |    8.686|
B<18>          |S<23>          |    8.229|
B<18>          |S<24>          |    9.435|
B<18>          |S<25>          |    9.170|
B<18>          |S<26>          |   10.363|
B<18>          |S<27>          |   10.138|
B<18>          |S<28>          |   10.593|
B<18>          |S<29>          |   10.825|
B<18>          |S<30>          |   10.549|
B<18>          |S<31>          |   10.911|
B<18>          |co             |   11.091|
B<19>          |S<19>          |    7.351|
B<19>          |S<20>          |    7.683|
B<19>          |S<21>          |    7.382|
B<19>          |S<22>          |    8.280|
B<19>          |S<23>          |    7.823|
B<19>          |S<24>          |    9.029|
B<19>          |S<25>          |    8.764|
B<19>          |S<26>          |    9.957|
B<19>          |S<27>          |    9.732|
B<19>          |S<28>          |   10.187|
B<19>          |S<29>          |   10.419|
B<19>          |S<30>          |   10.143|
B<19>          |S<31>          |   10.505|
B<19>          |co             |   10.685|
B<20>          |S<20>          |    7.144|
B<20>          |S<21>          |    7.572|
B<20>          |S<22>          |    7.816|
B<20>          |S<23>          |    7.359|
B<20>          |S<24>          |    8.565|
B<20>          |S<25>          |    8.300|
B<20>          |S<26>          |    9.493|
B<20>          |S<27>          |    9.268|
B<20>          |S<28>          |    9.723|
B<20>          |S<29>          |    9.955|
B<20>          |S<30>          |    9.679|
B<20>          |S<31>          |   10.041|
B<20>          |co             |   10.221|
B<21>          |S<21>          |    6.962|
B<21>          |S<22>          |    7.869|
B<21>          |S<23>          |    7.412|
B<21>          |S<24>          |    8.618|
B<21>          |S<25>          |    8.353|
B<21>          |S<26>          |    9.546|
B<21>          |S<27>          |    9.321|
B<21>          |S<28>          |    9.776|
B<21>          |S<29>          |   10.008|
B<21>          |S<30>          |    9.732|
B<21>          |S<31>          |   10.094|
B<21>          |co             |   10.274|
B<22>          |S<22>          |    7.396|
B<22>          |S<23>          |    7.102|
B<22>          |S<24>          |    8.513|
B<22>          |S<25>          |    8.248|
B<22>          |S<26>          |    9.441|
B<22>          |S<27>          |    9.216|
B<22>          |S<28>          |    9.671|
B<22>          |S<29>          |    9.903|
B<22>          |S<30>          |    9.627|
B<22>          |S<31>          |    9.989|
B<22>          |co             |   10.169|
B<23>          |S<23>          |    7.231|
B<23>          |S<24>          |    8.131|
B<23>          |S<25>          |    7.866|
B<23>          |S<26>          |    9.059|
B<23>          |S<27>          |    8.834|
B<23>          |S<28>          |    9.289|
B<23>          |S<29>          |    9.521|
B<23>          |S<30>          |    9.245|
B<23>          |S<31>          |    9.607|
B<23>          |co             |    9.787|
B<24>          |S<24>          |    6.841|
B<24>          |S<25>          |    7.347|
B<24>          |S<26>          |    7.932|
B<24>          |S<27>          |    7.707|
B<24>          |S<28>          |    8.162|
B<24>          |S<29>          |    8.394|
B<24>          |S<30>          |    8.118|
B<24>          |S<31>          |    8.480|
B<24>          |co             |    8.660|
B<25>          |S<25>          |    6.959|
B<25>          |S<26>          |    8.362|
B<25>          |S<27>          |    8.137|
B<25>          |S<28>          |    8.592|
B<25>          |S<29>          |    8.824|
B<25>          |S<30>          |    8.548|
B<25>          |S<31>          |    8.910|
B<25>          |co             |    9.090|
B<26>          |S<26>          |    7.218|
B<26>          |S<27>          |    7.748|
B<26>          |S<28>          |    7.901|
B<26>          |S<29>          |    8.133|
B<26>          |S<30>          |    7.857|
B<26>          |S<31>          |    8.219|
B<26>          |co             |    8.399|
B<27>          |S<27>          |    7.493|
B<27>          |S<28>          |    8.360|
B<27>          |S<29>          |    8.592|
B<27>          |S<30>          |    8.316|
B<27>          |S<31>          |    8.678|
B<27>          |co             |    8.858|
B<28>          |S<28>          |    7.475|
B<28>          |S<29>          |    7.260|
B<28>          |S<30>          |    7.205|
B<28>          |S<31>          |    7.567|
B<28>          |co             |    7.747|
B<29>          |S<29>          |    7.672|
B<29>          |S<30>          |    7.425|
B<29>          |S<31>          |    7.787|
B<29>          |co             |    7.967|
B<30>          |S<30>          |    7.394|
B<30>          |S<31>          |    7.132|
B<30>          |co             |    7.307|
B<31>          |S<31>          |    7.436|
B<31>          |co             |    7.627|
sel            |S<1>           |    9.594|
sel            |S<2>           |    9.991|
sel            |S<3>           |   10.270|
sel            |S<4>           |   10.751|
sel            |S<5>           |   10.593|
sel            |S<6>           |   11.295|
sel            |S<7>           |   11.247|
sel            |S<8>           |   11.701|
sel            |S<9>           |   11.492|
sel            |S<10>          |   12.051|
sel            |S<11>          |   11.418|
sel            |S<12>          |   12.560|
sel            |S<13>          |   12.304|
sel            |S<14>          |   12.806|
sel            |S<15>          |   13.048|
sel            |S<16>          |   13.350|
sel            |S<17>          |   13.366|
sel            |S<18>          |   14.634|
sel            |S<19>          |   14.421|
sel            |S<20>          |   14.454|
sel            |S<21>          |   14.153|
sel            |S<22>          |   15.051|
sel            |S<23>          |   14.594|
sel            |S<24>          |   15.800|
sel            |S<25>          |   15.535|
sel            |S<26>          |   16.728|
sel            |S<27>          |   16.503|
sel            |S<28>          |   16.958|
sel            |S<29>          |   17.190|
sel            |S<30>          |   16.914|
sel            |S<31>          |   17.276|
sel            |co             |   17.456|
---------------+---------------+---------+


Analysis completed Sun Jan 24 10:20:22 2021 
--------------------------------------------------------------------------------

Trace Settings:
-------------------------
Trace Settings 

Peak Memory Usage: 4958 MB



